BL51 BANKED LINKER/LOCATER V6.22.2.0                                                    07/08/2024  03:11:28  PAGE 1


BL51 BANKED LINKER/LOCATER V6.22.2.0, INVOKED BY:
C:\PROGRAM FILES (X86)\KEIL_V5\C51\BIN\BL51.EXE .\Objects\os_api.obj, .\Objects\os_debug.obj, .\Objects\os_handler.obj, 
>> .\Objects\os_main.obj, .\Objects\os_starter.obj, .\Objects\os_sysidle.obj, .\Objects\os_taskmgr.obj, .\Objects\os_tim
>> ing.obj, .\Objects\os_var.obj, .\Objects\sv_int_loc.obj, .\Objects\sv_int_pend_fifo.obj, .\Objects\sv_int_pend_flag.o
>> bj, .\Objects\sv_task.obj, .\Objects\sv_tick.obj, .\Objects\gvar_hook.obj, .\Objects\idle_hook.obj, .\Objects\init_ho
>> ok.obj, .\Objects\pendsv_hook.obj, .\Objects\start_hook.obj, .\Objects\tick_hook.obj, .\Objects\port_8051.obj, .\Obje
>> cts\port_8051s.obj, .\Objects\startup_8051.obj, .\Objects\Taskmgr.obj, .\Objects\led.obj, .\Objects\test_xwtb_ressus.
>> obj, .\Objects\test_xwtb_clrblk.obj, .\Objects\test_xwtb_bin.obj, .\Objects\test_xwtb_sem.obj, .\Objects\test_xwtb_gr
>> oup.obj, .\Objects\test_xwtb_fetion.obj, .\Objects\test_xwtb_taskmsg.obj, .\Objects\test_xwtb_mailbox.obj, .\Objects\
>> test_xwtb_queue.obj, .\Objects\test_int0delay.obj, .\Objects\hmacmd5.obj, .\Objects\test_malloc.obj, .\Objects\test_c
>> 51xbp.obj TO .\Objects\CosyOS-II-STC8H PRINT (.\Listings\CosyOS-II-STC8H.m51) RAMSIZE (256) NOOVERLAY


MEMORY MODEL: LARGE


INPUT MODULES INCLUDED:
  .\Objects\os_api.obj (OS_API)
  .\Objects\os_debug.obj (OS_DEBUG)
  .\Objects\os_handler.obj (OS_HANDLER)
  .\Objects\os_main.obj (OS_MAIN)
  .\Objects\os_starter.obj (OS_STARTER)
  .\Objects\os_sysidle.obj (OS_SYSIDLE)
  .\Objects\os_taskmgr.obj (OS_TASKMGR)
  .\Objects\os_timing.obj (OS_TIMING)
  .\Objects\os_var.obj (OS_VAR)
  .\Objects\sv_int_loc.obj (SV_INT_LOC)
  .\Objects\sv_int_pend_fifo.obj (SV_INT_PEND_FIFO)
  .\Objects\sv_int_pend_flag.obj (SV_INT_PEND_FLAG)
  .\Objects\sv_task.obj (SV_TASK)
  .\Objects\sv_tick.obj (SV_TICK)
  .\Objects\gvar_hook.obj (GVAR_HOOK)
  .\Objects\idle_hook.obj (IDLE_HOOK)
  .\Objects\init_hook.obj (INIT_HOOK)
  .\Objects\pendsv_hook.obj (PENDSV_HOOK)
  .\Objects\start_hook.obj (START_HOOK)
  .\Objects\tick_hook.obj (TICK_HOOK)
  .\Objects\port_8051.obj (PORT_8051)
  .\Objects\port_8051s.obj (PORT_8051S)
  .\Objects\startup_8051.obj (?C_STARTUP)
  .\Objects\Taskmgr.obj (TASKMGR)
  .\Objects\led.obj (LED)
  .\Objects\test_xwtb_ressus.obj (TEST_XWTB_RESSUS)
  .\Objects\test_xwtb_clrblk.obj (TEST_XWTB_CLRBLK)
  .\Objects\test_xwtb_bin.obj (TEST_XWTB_BIN)
  .\Objects\test_xwtb_sem.obj (TEST_XWTB_SEM)
  .\Objects\test_xwtb_group.obj (TEST_XWTB_GROUP)
  .\Objects\test_xwtb_fetion.obj (TEST_XWTB_FETION)
  .\Objects\test_xwtb_taskmsg.obj (TEST_XWTB_TASKMSG)
  .\Objects\test_xwtb_mailbox.obj (TEST_XWTB_MAILBOX)
  .\Objects\test_xwtb_queue.obj (TEST_XWTB_QUEUE)
  .\Objects\test_int0delay.obj (TEST_INT0DELAY)
  .\Objects\hmacmd5.obj (HMACMD5)
  .\Objects\test_malloc.obj (TEST_MALLOC)
  .\Objects\test_c51xbp.obj (TEST_C51XBP)
  C:\PROGRAM FILES (X86)\KEIL_V5\C51\LIB\C51L.LIB (?C_INIT)
  C:\PROGRAM FILES (X86)\KEIL_V5\C51\LIB\C51L.LIB (?C?COPY)
  C:\PROGRAM FILES (X86)\KEIL_V5\C51\LIB\C51L.LIB (?C?CLDPTR)
BL51 BANKED LINKER/LOCATER V6.22.2.0                                                  07/08/2024  03:11:28  PAGE 2


  C:\PROGRAM FILES (X86)\KEIL_V5\C51\LIB\C51L.LIB (?C?CLDOPTR)
  C:\PROGRAM FILES (X86)\KEIL_V5\C51\LIB\C51L.LIB (?C?CSTPTR)
  C:\PROGRAM FILES (X86)\KEIL_V5\C51\LIB\C51L.LIB (?C?IMUL)
  C:\PROGRAM FILES (X86)\KEIL_V5\C51\LIB\C51L.LIB (?C?UIDIV)
  C:\PROGRAM FILES (X86)\KEIL_V5\C51\LIB\C51L.LIB (?C?IILDX)
  C:\PROGRAM FILES (X86)\KEIL_V5\C51\LIB\C51L.LIB (?C?ILDIX)
  C:\PROGRAM FILES (X86)\KEIL_V5\C51\LIB\C51L.LIB (?C?LMUL)
  C:\PROGRAM FILES (X86)\KEIL_V5\C51\LIB\C51L.LIB (?C?ULDIV)
  C:\PROGRAM FILES (X86)\KEIL_V5\C51\LIB\C51L.LIB (?C?LNOT)
  C:\PROGRAM FILES (X86)\KEIL_V5\C51\LIB\C51L.LIB (?C?LNEG)
  C:\PROGRAM FILES (X86)\KEIL_V5\C51\LIB\C51L.LIB (?C?ULCMP)
  C:\PROGRAM FILES (X86)\KEIL_V5\C51\LIB\C51L.LIB (?C?LSTXDATA)
  C:\PROGRAM FILES (X86)\KEIL_V5\C51\LIB\C51L.LIB (?C?LSTKXDATA)
  C:\PROGRAM FILES (X86)\KEIL_V5\C51\LIB\C51L.LIB (?C?CCASE)
  C:\PROGRAM FILES (X86)\KEIL_V5\C51\LIB\C51L.LIB (?C?ICALL)
  C:\PROGRAM FILES (X86)\KEIL_V5\C51\LIB\C51L.LIB (?C_XBP)
  C:\PROGRAM FILES (X86)\KEIL_V5\C51\LIB\C51L.LIB (?C?LIMUL)
  C:\PROGRAM FILES (X86)\KEIL_V5\C51\LIB\C51L.LIB (PRINTF)
  C:\PROGRAM FILES (X86)\KEIL_V5\C51\LIB\C51L.LIB (?C?STRCMP)
  C:\PROGRAM FILES (X86)\KEIL_V5\C51\LIB\C51L.LIB (?C?STRCPY)
  C:\PROGRAM FILES (X86)\KEIL_V5\C51\LIB\C51L.LIB (STRLEN)
  C:\PROGRAM FILES (X86)\KEIL_V5\C51\LIB\C51L.LIB (?C?MEMCMP)
  C:\PROGRAM FILES (X86)\KEIL_V5\C51\LIB\C51L.LIB (MALLOC)
  C:\PROGRAM FILES (X86)\KEIL_V5\C51\LIB\C51L.LIB (INIT_MEM)
  C:\PROGRAM FILES (X86)\KEIL_V5\C51\LIB\C51L.LIB (FREE)
  C:\PROGRAM FILES (X86)\KEIL_V5\C51\LIB\C51L.LIB (?C?PLDIXDATA)
  C:\PROGRAM FILES (X86)\KEIL_V5\C51\LIB\C51L.LIB (?C?PSTXDATA)
  C:\PROGRAM FILES (X86)\KEIL_V5\C51\LIB\C51L.LIB (PUTCHAR)


LINK MAP OF MODULE:  .\Objects\CosyOS-II-STC8H (OS_API)


            TYPE    BASE      LENGTH    RELOCATION   SEGMENT NAME
            -----------------------------------------------------

            * * * * * * *   D A T A   M E M O R Y   * * * * * * *
            REG     0000H     0008H     ABSOLUTE     "REG BANK 0"
            DATA    0008H     0013H     UNIT         ?DT?OS_VAR
            DATA    001BH     0005H     UNIT         ?DT?PRINTF?PRINTF
            BIT     0020H.0   0004H.2   UNIT         ?BI?PORT_8051
            BIT     0024H.2   0001H.1   UNIT         ?BI?PRINTF?PRINTF
            BIT     0025H.3   0001H.0   UNIT         ?BI?OS_VAR
            BIT     0026H.3   0000H.1   UNIT         ?BI?SPENDSV_HANDLER?OS_HANDLER
            BIT     0026H.4   0000H.1   UNIT         ?BI?TEST_XWTB_RESSUS
                    0026H.5   0000H.3                *** GAP ***
            DATA    0027H     000BH     UNIT         ?DT?OS_HANDLER
            DATA    0032H     0008H     UNIT         ?DT?SPENDSV_HANDLER?OS_HANDLER
            DATA    003AH     0003H     UNIT         ?DT?OS_SYSTICK_HANDLER?OS_HANDLER
            DATA    003DH     0002H     UNIT         ?DT?OS_TASKMGR
            DATA    003FH     0002H     UNIT         ?DT?PORT_8051
            DATA    0041H     0002H     UNIT         ?C?LIB_DATA
            DATA    0043H     0001H     UNIT         ?DT?SV_TASK
            IDATA   0044H     0001H     UNIT         ?STACK

            * * * * * * *  X D A T A   M E M O R Y  * * * * * * *
            XDATA   0000H     0020H     ABSOLUTE     
BL51 BANKED LINKER/LOCATER V6.22.2.0                                                  07/08/2024  03:11:28  PAGE 3


            XDATA   0020H     00CDH     UNIT         ?XD?TEST_XWTB_RESSUS
            XDATA   00EDH     000EH     UNIT         ?XD?TASKMGR?OS_TASKMGR
            XDATA   00FBH     0005H     UNIT         ?XD?_SI_RECV_MSG?SV_INT_LOC
            XDATA   0100H     0020H     ABSOLUTE     
            XDATA   0120H     0371H     UNIT         ?XD?OS_VAR
            XDATA   0491H     0071H     UNIT         ?XD?OS_TASKMGR
            XDATA   0502H     0043H     UNIT         ?XD?OS_SYSIDLE
            XDATA   0545H     0042H     UNIT         ?XD?OS_DEBUG
            XDATA   0587H     0028H     UNIT         ?XD?PRINTF?PRINTF
            XDATA   05AFH     000CH     UNIT         ?XD?_DEBUG_RECV_?OS_DEBUG
            XDATA   05BBH     000CH     UNIT         ?XD?OS_STARTER
            XDATA   05C7H     000AH     UNIT         ?XD?OS_HANDLER
            XDATA   05D1H     0008H     UNIT         ?XD?__ATOI_?OS_DEBUG
            XDATA   05D9H     0008H     UNIT         ?XD?INIT_MEM
            XDATA   05E1H     0007H     UNIT         ?XD?_SU_RECV_MSG?SV_TASK
            XDATA   05E8H     0007H     UNIT         ?XD?_SU_SEND_MSG?SV_TASK
            XDATA   05EFH     0007H     UNIT         ?XD?_ST_RECV_MSG?SV_TICK
            XDATA   05F6H     0007H     UNIT         ?XD?_ST_SEND_MSG?SV_TICK
            XDATA   05FDH     0006H     UNIT         ?XD?__SEND_MSG_?SV_INT_PEND_FIFO
            XDATA   0603H     0006H     UNIT         ?XD?_MALLOC?MALLOC
            XDATA   0609H     0006H     UNIT         ?XD?_FREE?FREE
            XDATA   060FH     0004H     UNIT         ?XD?__SET_BLOCK_?SV_INT_PEND_FIFO
            XDATA   0613H     0004H     UNIT         ?XD?_SP_SET_BLOCK?SV_INT_PEND_FLAG
            XDATA   0617H     0004H     UNIT         ?XD?_SU_STARTUP_TASK?SV_TASK
            XDATA   061BH     0004H     UNIT         ?XD?_SU_SET_BLOCK?SV_TASK
            XDATA   061FH     0004H     UNIT         ?XD?_SU_INIT_MEMPOOL?SV_TASK
            XDATA   0623H     0004H     UNIT         ?XD?_SU_TALLOC?SV_TASK
            XDATA   0627H     0003H     UNIT         ?XD?__STRCPY_?OS_TASKMGR
            XDATA   062AH     0003H     UNIT         ?XD?__STRLEN_?OS_TASKMGR
            XDATA   062DH     0002H     UNIT         ?XD?__U8STR_?OS_TASKMGR
            XDATA   062FH     0002H     UNIT         ?XD?__U16STR_?OS_TASKMGR
            XDATA   0631H     0002H     UNIT         ?XD?__GROUP_?SV_INT_PEND_FIFO
            XDATA   0633H     0002H     UNIT         ?XD?__GVAR_WRITE_?SV_INT_PEND_FIFO
            XDATA   0635H     0002H     UNIT         ?XD?_SU_RESUME_TASK?SV_TASK
            XDATA   0637H     0002H     UNIT         ?XD?_SU_RESUME_SUSPEND?SV_TASK
            XDATA   0639H     0002H     UNIT         ?XD?_SU_SET_TASKPRI?SV_TASK
            XDATA   063BH     0002H     UNIT         ?XD?_SU_TAKE_MUTEX?SV_TASK
            XDATA   063DH     0002H     UNIT         ?XD?_SU_TAKE_BINARY?SV_TASK
            XDATA   063FH     0002H     UNIT         ?XD?_SU_TAKE_SEMAPHORE?SV_TASK
            XDATA   0641H     0002H     UNIT         ?XD?_SU_RECV_MAIL?SV_TASK
            XDATA   0643H     0002H     UNIT         ?XD?_SU_WAIT_GROUP?SV_TASK
            XDATA   0645H     0002H     UNIT         ?XD?_ST_SET_TASKPRI?SV_TICK
            XDATA   0647H     0001H     UNIT         ?XD?STARTER?OS_STARTER
            XDATA   0648H     0001H     UNIT         ?XD?__SET_TASKPRI_?SV_INT_PEND_FIFO
            XDATA   0649H     0001H     UNIT         ?XD?MPENDSV_FIFOHANDLER?PORT_8051
            XDATA   064AH     0001H     UNIT         ?XD?PORT_8051

            * * * * * * *   C O D E   M E M O R Y   * * * * * * *
            CODE    0000H     0003H     ABSOLUTE     
            CODE    0003H     0003H     ABSOLUTE     
            CODE    0006H     0005H     UNIT         ?PR?SU_ENTER_CRITICAL_ONE?SV_TASK
            CODE    000BH     0003H     ABSOLUTE     
            CODE    000EH     0035H     UNIT         ?PR?_SP_SET_TASKPRI?SV_INT_PEND_FLAG
            CODE    0043H     0003H     ABSOLUTE     
            CODE    0046H     0054H     UNIT         ?PR?__SET_TASKPRI_?SV_INT_PEND_FIFO
            CODE    009AH     0001H     UNIT         ?PR?TICK_HOOK?TICK_HOOK
            CODE    009BH     0003H     ABSOLUTE     
BL51 BANKED LINKER/LOCATER V6.22.2.0                                                  07/08/2024  03:11:28  PAGE 4


            CODE    009EH     13B9H     UNIT         ?PR?SPENDSV_HANDLER?OS_HANDLER
            CODE    1457H     080EH     UNIT         ?C?LIB_CODE
            CODE    1C65H     06CCH     UNIT         ?PR?TASKMGR?OS_TASKMGR
            CODE    2331H     03BFH     UNIT         ?PR?_SU_RECV_MSG?SV_TASK
            CODE    26F0H     0392H     UNIT         ?PR?OS_SYSTICK_HANDLER?OS_HANDLER
            CODE    2A82H     0365H     UNIT         ?PR?PRINTF?PRINTF
            CODE    2DE7H     02FDH     UNIT         ?PR?_ST_RECV_MSG?SV_TICK
            CODE    30E4H     027DH     UNIT         ?PR?MPENDSV_FIFOHANDLER?PORT_8051
            CODE    3361H     0253H     UNIT         ?PR?__SEND_MSG_?SV_INT_PEND_FIFO
            CODE    35B4H     0228H     UNIT         ?PR?_ST_SEND_MSG?SV_TICK
            CODE    37DCH     021FH     UNIT         ?PR?_SU_SEND_MSG?SV_TASK
            CODE    39FBH     01B5H     UNIT         ?C_INITSEG
            CODE    3BB0H     01AEH     UNIT         ?PR?__GROUP_?SV_INT_PEND_FIFO
            CODE    3D5EH     0196H     UNIT         ?PR?_SI_RECV_MSG?SV_INT_LOC
            CODE    3EF4H     013FH     UNIT         ?PR?_FREE?FREE
            CODE    4033H     012FH     UNIT         ?PR?_SU_TAKE_MUTEX?SV_TASK
            CODE    4162H     012FH     UNIT         ?PR?_SU_WAIT_GROUP?SV_TASK
            CODE    4291H     0127H     UNIT         ?PR?__U16STR_?OS_TASKMGR
            CODE    43B8H     010FH     UNIT         ?PR?_DEBUG_RECV_?OS_DEBUG
            CODE    44C7H     0101H     UNIT         ?CO?OS_TASKMGR
            CODE    45C8H     00F1H     UNIT         ?PR?LED_TASK_1?LED
            CODE    46B9H     00E4H     UNIT         ?PR?__ATOI_?OS_DEBUG
            CODE    479DH     00E2H     UNIT         ?PR?S_INIT_TIMING?OS_TIMING
            CODE    487FH     00D1H     UNIT         ?PR?_MALLOC?MALLOC
            CODE    4950H     00CEH     UNIT         ?PR?_SU_TAKE_SEMAPHORE?SV_TASK
            CODE    4A1EH     00BFH     UNIT         ?PR?__USED_RATIO_?OS_TASKMGR
            CODE    4ADDH     00B6H     UNIT         ?PR?_SU_TAKE_BINARY?SV_TASK
            CODE    4B93H     00A9H     UNIT         ?PR?_SU_RECV_MAIL?SV_TASK
            CODE    4C3CH     00A9H     UNIT         ?PR?OS_PENDSV_HANDLER?PORT_8051S
            CODE    4CE5H     00A7H     UNIT         ?PR?_SU_RESUME_SUSPEND?SV_TASK
            CODE    4D8CH     00A2H     UNIT         ?PR?STARTER?OS_STARTER
            CODE    4E2EH     00A0H     UNIT         ?C_C51STARTUP
            CODE    4ECEH     009FH     UNIT         ?PR?MPENDSV_FIFOPREEMPT?PORT_8051S
            CODE    4F6DH     009CH     UNIT         ?PR?_SU_STARTUP_TASK?SV_TASK
            CODE    5009H     0098H     UNIT         ?PR?__GVAR_WRITE_?SV_INT_PEND_FIFO
            CODE    50A1H     0096H     UNIT         ?PR?_S_SET_TASKPRI?OS_API
            CODE    5137H     0089H     UNIT         ?PR?__SET_BLOCK_?SV_INT_PEND_FIFO
            CODE    51C0H     0087H     UNIT         ?PR?__U8STR_?OS_TASKMGR
            CODE    5247H     0082H     UNIT         ?PR?_SU_RESUME_TASK?SV_TASK
            CODE    52C9H     007FH     UNIT         ?PR?_SU_SET_TASKPRI?SV_TASK
            CODE    5348H     007AH     UNIT         ?PR?_SU_SET_BLOCK?SV_TASK
            CODE    53C2H     0076H     UNIT         ?PR?_SU_TALLOC?SV_TASK
            CODE    5438H     0075H     UNIT         ?PR?UART2_ISR?TASKMGR
            CODE    54ADH     006FH     UNIT         ?PR?_SU_SUSPEND_TASK?SV_TASK
            CODE    551CH     006FH     UNIT         ?PR?_ST_SET_TASKPRI?SV_TICK
            CODE    558BH     006EH     UNIT         ?PR?__U8STR16_?OS_TASKMGR
            CODE    55F9H     006BH     UNIT         ?PR?_SU_WAIT_BINARY?SV_TASK
            CODE    5664H     0069H     UNIT         ?PR?MAIN?OS_MAIN
            CODE    56CDH     0069H     UNIT         ?PR?_SP_SET_BLOCK?SV_INT_PEND_FLAG
            CODE    5736H     0064H     UNIT         ?CO?TEST_XWTB_RESSUS
            CODE    579AH     0061H     UNIT         ?PR?TIME_3?TEST_XWTB_RESSUS
            CODE    57FBH     0060H     UNIT         ?PR?_SU_RECV_FETION?SV_TASK
            CODE    585BH     005EH     UNIT         ?PR?_SU_RECV_TASKMSG?SV_TASK
            CODE    58B9H     005BH     UNIT         ?PR?_SU_INIT_MEMPOOL?SV_TASK
            CODE    5914H     0057H     UNIT         ?PR?_ST_SUSPEND_TASK?SV_TICK
            CODE    596BH     0057H     UNIT         ?PR?_ST_RESUME_TASK?SV_TICK
            CODE    59C2H     0051H     UNIT         ?PR?INIT_HOOK?INIT_HOOK
BL51 BANKED LINKER/LOCATER V6.22.2.0                                                  07/08/2024  03:11:28  PAGE 5


            CODE    5A13H     0050H     UNIT         ?PR?_SI_CAN_ACCESS_QUEUE?SV_INT_LOC
            CODE    5A63H     004FH     UNIT         ?PR?__STRCPY_?OS_TASKMGR
            CODE    5AB2H     004DH     UNIT         ?PR?_SU_BACK_MUTEX?SV_TASK
            CODE    5AFFH     004CH     UNIT         ?PR?START_HOOK?TEST_XWTB_RESSUS
            CODE    5B4BH     004AH     UNIT         ?PR?_SU_DELETE_TASK?SV_TASK
            CODE    5B95H     004AH     UNIT         ?PR?_SU_DELAY?SV_TASK
            CODE    5BDFH     0045H     UNIT         ?PR?_SU_CLEAR_BLOCK?SV_TASK
            CODE    5C24H     0044H     UNIT         ?PR?_SU_QUERY_GROUP?SV_TASK
            CODE    5C68H     0043H     UNIT         ?PR?__SEND_MAIL_?SV_INT_PEND_FIFO
            CODE    5CABH     003FH     UNIT         ?PR?__GIVE_SEM_?SV_INT_PEND_FIFO
            CODE    5CEAH     003EH     UNIT         ?PR?_ST_SET_BLOCK?SV_TICK
            CODE    5D28H     003DH     UNIT         ?PR?__CLEAR_BLOCK_?SV_INT_PEND_FIFO
            CODE    5D65H     003DH     UNIT         ?PR?TASK_2?TEST_XWTB_RESSUS
            CODE    5DA2H     003CH     UNIT         ?PR?_INIT_MEMPOOL?INIT_MEM
            CODE    5DDEH     003BH     UNIT         ?PR?_S_SCHEDULE_TASKPRI?OS_API
            CODE    5E19H     003AH     UNIT         ?PR?__TIMINT_?SV_INT_PEND_FIFO
            CODE    5E53H     003AH     UNIT         ?PR?__TIMQRY_?SV_INT_PEND_FIFO
            CODE    5E8DH     0039H     UNIT         ?PR?__SUSPEND_TASK_?SV_INT_PEND_FIFO
            CODE    5EC6H     0038H     UNIT         ?PR?_SU_GIVE_SEMAPHORE?SV_TASK
            CODE    5EFEH     0038H     UNIT         ?PR?_ST_DELETE_TASK?SV_TICK
            CODE    5F36H     0038H     UNIT         ?PR?_ST_CLEAR_BLOCK?SV_TICK
            CODE    5F6EH     0037H     UNIT         ?PR?__DELETE_TASK_?SV_INT_PEND_FIFO
            CODE    5FA5H     0034H     UNIT         ?PR?_SP_CLEAR_BLOCK?SV_INT_PEND_FLAG
            CODE    5FD9H     0033H     UNIT         ?PR?__U16LEN_?OS_TASKMGR
            CODE    600CH     0031H     UNIT         ?CO?OS_DEBUG
            CODE    603DH     0031H     UNIT         ?PR?SU_EXIT_CRITICAL_PSV?SV_TASK
            CODE    606EH     0031H     UNIT         ?PR?LED_TASK_2?LED
            CODE    609FH     0030H     UNIT         ?PR?_SP_SUSPEND_TASK?SV_INT_PEND_FLAG
            CODE    60CFH     002FH     UNIT         ?PR?__FIFO_0_?PORT_8051
            CODE    60FEH     002FH     UNIT         ?PR?__FIFO_1_?PORT_8051
            CODE    612DH     002EH     UNIT         ?PR?_SP_DELETE_TASK?SV_INT_PEND_FLAG
            CODE    615BH     002DH     UNIT         ?PR?TASK_1?TEST_XWTB_RESSUS
            CODE    6188H     002CH     UNIT         ?PR?__STRLEN_?OS_TASKMGR
            CODE    61B4H     002CH     UNIT         ?PR?__RESUME_TASK_?SV_INT_PEND_FIFO
            CODE    61E0H     002CH     UNIT         ?PR?_SU_SEND_MAIL?SV_TASK
            CODE    620CH     0028H     UNIT         ?PR?__BINARY_?SV_INT_PEND_FIFO
            CODE    6234H     0028H     UNIT         ?PR?SU_EXIT_CRITICAL?SV_TASK
            CODE    625CH     0027H     UNIT         ?PR?PUTCHAR?PUTCHAR
            CODE    6283H     0025H     UNIT         ?PR?_ST_GIVE_SEMAPHORE?SV_TICK
            CODE    62A8H     0024H     UNIT         ?PR?__SEND_FETION_?SV_INT_PEND_FIFO
            CODE    62CCH     0023H     UNIT         ?PR?_SP_RESUME_TASK?SV_INT_PEND_FLAG
            CODE    62EFH     0022H     UNIT         ?PR?DEBUG_HOOK?OS_DEBUG
            CODE    6311H     0022H     UNIT         ?CO?SV_INT_PEND_FIFO
            CODE    6333H     001DH     UNIT         ?PR?DEBUGGER?OS_DEBUG
            CODE    6350H     001CH     UNIT         ?PR?_ST_TAKE_SEMAPHORE?SV_TICK
            CODE    636CH     001AH     UNIT         ?PR?_SI_RECV_MAIL?SV_INT_LOC
            CODE    6386H     001AH     UNIT         ?PR?_ST_RECV_MAIL?SV_TICK
            CODE    63A0H     0017H     UNIT         ?PR?_ST_SEND_MAIL?SV_TICK
            CODE    63B7H     0015H     UNIT         ?PR?__SPCCPY_?OS_TASKMGR
            CODE    63CCH     0015H     UNIT         ?PR?_STRLEN?STRLEN
            CODE    63E1H     0013H     UNIT         ?PR?_SU_GIVE_BINARY?SV_TASK
            CODE    63F4H     0012H     UNIT         ?PR?_S_SCHEDULE_TASKMSG?OS_API
            CODE    6406H     0012H     UNIT         ?PR?__SEND_SIGN_?SV_INT_PEND_FIFO
            CODE    6418H     0012H     UNIT         ?PR?_SP_WRITE_BINARY?SV_INT_PEND_FLAG
            CODE    642AH     0012H     UNIT         ?PR?MX_DISABLE_IRQ?PORT_8051
            CODE    643CH     0011H     UNIT         ?PR?PENDSV_HOOK?PENDSV_HOOK
            CODE    644DH     0011H     UNIT         ?PR?_MPENDSV_FIFOLOADER?PORT_8051S
BL51 BANKED LINKER/LOCATER V6.22.2.0                                                  07/08/2024  03:11:28  PAGE 6


            CODE    645EH     0010H     UNIT         ?PR?_S_SCHEDULE_READY?OS_API
            CODE    646EH     000FH     UNIT         ?PR?_SI_TAKE_BINARY?SV_INT_LOC
            CODE    647DH     000FH     UNIT         ?PR?__PENDSVC_?SV_INT_PEND_FIFO
            CODE    648CH     000FH     UNIT         ?PR?_ST_TAKE_BINARY?SV_TICK
            CODE    649BH     000EH     UNIT         ?PR?_S_SCHEDULE_NOTNULL?OS_API
            CODE    64A9H     000DH     UNIT         ?PR?__RECV_FETION_?SV_TASK
            CODE    64B6H     000AH     UNIT         ?PR?U_TIMQRYEVENT_0?OS_DEBUG
            CODE    64C0H     000AH     UNIT         ?PR?SU_TASK_SCHEDULE?SV_TASK
            CODE    64CAH     0009H     UNIT         ?PR?U_TIMQRYEVENT_1?OS_TASKMGR
            CODE    64D3H     0009H     UNIT         ?PR?_SI_RECV_FETION?SV_INT_LOC
            CODE    64DCH     0009H     UNIT         ?PR?_ST_RECV_FETION?SV_TICK
            CODE    64E5H     0008H     UNIT         ?CO?OS_STARTER
            CODE    64EDH     0008H     UNIT         ?CO?OS_SYSIDLE
            CODE    64F5H     0008H     UNIT         ?PR?__RECV_MSG_?SV_INT_LOC
            CODE    64FDH     0008H     UNIT         ?PR?MX_RESUME_IRQ?PORT_8051
            CODE    6505H     0007H     UNIT         ?PR?SI_TASK_SCHEDULE?SV_INT_LOC
            CODE    650CH     0007H     UNIT         ?PR?SU_ENTER_CRITICAL?SV_TASK
            CODE    6513H     0005H     UNIT         ?PR?SU_EXIT_CRITICAL_ONE?SV_TASK
            CODE    6518H     0005H     UNIT         ?PR?__RET_VPTR_?SV_TASK
            CODE    651DH     0004H     UNIT         ?PR?SYSIDLE?OS_SYSIDLE
            CODE    6521H     0003H     UNIT         ?PR?_SU_RETURN_VOIDPTR?SV_TASK
            CODE    6524H     0003H     UNIT         ?PR?_SU_XALLOC?SV_TASK



SYMBOL TABLE OF MODULE:  .\Objects\CosyOS-II-STC8H (OS_API)

  VALUE           TYPE          NAME
  ----------------------------------

  -------         MODULE        OS_API
  C:0000H         SYMBOL        _ICE_DUMMY_
  D:0080H         PUBLIC        P0
  D:0090H         PUBLIC        P1
  D:00A0H         PUBLIC        P2
  D:00B0H         PUBLIC        P3
  D:00C0H         PUBLIC        P4
  C:50A1H         PUBLIC        _s_set_taskpri
  D:00C8H         PUBLIC        P5
  C:63F4H         PUBLIC        _s_schedule_taskmsg
  D:00E8H         PUBLIC        P6
  D:00F8H         PUBLIC        P7
  C:5DDEH         PUBLIC        _s_schedule_taskpri
  D:00A8H         PUBLIC        IE
  C:649BH         PUBLIC        _s_schedule_notnull
  D:00B8H         PUBLIC        IP
  C:645EH         PUBLIC        _s_schedule_ready
  D:0098H         PUBLIC        SCON
  D:0088H         PUBLIC        TCON
  D:00D0H         PUBLIC        PSW
  -------         PROC          _S_SCHEDULE_TASKPRI
  D:0006H         SYMBOL        node
  C:5DDEH         LINE#         16
  C:5DDEH         LINE#         17
  C:5DDEH         LINE#         18
  C:5DFAH         LINE#         19
  C:5E12H         LINE#         20
BL51 BANKED LINKER/LOCATER V6.22.2.0                                                  07/08/2024  03:11:28  PAGE 7


  C:5E16H         LINE#         21
  C:5E16H         LINE#         22
  C:5E18H         LINE#         23
  C:5E18H         LINE#         24
  -------         ENDPROC       _S_SCHEDULE_TASKPRI
  -------         PROC          _S_SCHEDULE_TASKMSG
  D:0006H         SYMBOL        node
  C:63F4H         LINE#         26
  C:63F4H         LINE#         27
  C:63F4H         LINE#         28
  C:6402H         LINE#         29
  C:6405H         LINE#         30
  C:6405H         LINE#         31
  -------         ENDPROC       _S_SCHEDULE_TASKMSG
  -------         PROC          _S_SCHEDULE_NOTNULL
  D:0006H         SYMBOL        node
  C:649BH         LINE#         33
  C:649BH         LINE#         34
  C:649BH         LINE#         35
  C:64A5H         LINE#         36
  C:64A8H         LINE#         37
  C:64A8H         LINE#         38
  -------         ENDPROC       _S_SCHEDULE_NOTNULL
  -------         PROC          _S_SCHEDULE_READY
  D:0006H         SYMBOL        node
  C:645EH         LINE#         40
  C:645EH         LINE#         41
  C:645EH         LINE#         42
  C:646AH         LINE#         43
  C:646DH         LINE#         44
  C:646DH         LINE#         45
  -------         ENDPROC       _S_SCHEDULE_READY
  -------         PROC          _S_SET_TASKPRI
  D:0006H         SYMBOL        node
  C:50A1H         LINE#         47
  C:50A1H         LINE#         48
  C:50A1H         LINE#         49
  C:50C9H         LINE#         50
  C:50F1H         LINE#         51
  C:510BH         LINE#         52
  C:5111H         LINE#         53
  C:5121H         LINE#         54
  C:5130H         LINE#         55
  C:5130H         LINE#         56
  C:5134H         LINE#         57
  C:5136H         LINE#         58
  -------         ENDPROC       _S_SET_TASKPRI
  -------         ENDMOD        OS_API

  -------         MODULE        OS_DEBUG
  C:0000H         SYMBOL        _ICE_DUMMY_
  D:0080H         PUBLIC        P0
  D:0090H         PUBLIC        P1
  D:00A0H         PUBLIC        P2
  D:00B0H         PUBLIC        P3
  D:00C0H         PUBLIC        P4
  D:00C8H         PUBLIC        P5
BL51 BANKED LINKER/LOCATER V6.22.2.0                                                  07/08/2024  03:11:28  PAGE 8


  D:00E8H         PUBLIC        P6
  X:0545H         PUBLIC        u_taskhandle_Debugger
  D:00F8H         PUBLIC        P7
  D:00A8H         PUBLIC        IE
  D:00B8H         PUBLIC        IP
  C:6035H         PUBLIC        u_timinthand_0
  C:62EFH         PUBLIC        debug_hook
  C:6333H         PUBLIC        Debugger
  C:6038H         PUBLIC        u_timqryhand_0
  X:0547H         SYMBOL        u_taskstack_Debugger
  X:0566H         PUBLIC        u_taskhand_Debugger
  D:0098H         PUBLIC        SCON
  D:0088H         PUBLIC        TCON
  C:64B6H         PUBLIC        u_timqryevent_0
  B:00A8H.1       PUBLIC        ET0
  B:00A8H.0       PUBLIC        EX0
  C:43B8H         SYMBOL        _debug_recv_
  D:009AH         PUBLIC        S2CON
  C:46B9H         SYMBOL        __atoi_
  D:00D0H         PUBLIC        PSW
  -------         PROC          __ATOI_
  X:05D1H         SYMBOL        str
  -------         DO            
  X:05D4H         SYMBOL        a
  X:05D6H         SYMBOL        k
  X:05D8H         SYMBOL        i
  -------         ENDDO         
  C:46B9H         LINE#         14
  C:46C4H         LINE#         15
  C:46C4H         LINE#         16
  C:46D7H         LINE#         17
  C:46DAH         LINE#         18
  C:46DAH         LINE#         19
  C:46DAH         LINE#         20
  C:46E1H         LINE#         21
  C:46E6H         LINE#         22
  C:46EEH         LINE#         23
  C:46FBH         LINE#         24
  C:472DH         LINE#         25
  C:474EH         LINE#         26
  C:475DH         LINE#         27
  C:475FH         LINE#         28
  C:477AH         LINE#         29
  C:477CH         LINE#         30
  C:477CH         LINE#         31
  C:4780H         LINE#         32
  C:4790H         LINE#         33
  C:4790H         LINE#         34
  C:4790H         LINE#         35
  C:4794H         LINE#         36
  C:4794H         LINE#         37
  C:4794H         LINE#         38
  C:479CH         LINE#         39
  C:479CH         LINE#         40
  -------         ENDPROC       __ATOI_
  -------         PROC          _DEBUG_RECV_
  -------         DO            
BL51 BANKED LINKER/LOCATER V6.22.2.0                                                  07/08/2024  03:11:28  PAGE 9


  D:0006H         SYMBOL        temp
  X:05AFH         SYMBOL        strtmp
  X:05B7H         SYMBOL        mptr
  X:05B9H         SYMBOL        tptr
  -------         ENDDO         
  C:43B8H         LINE#         45
  C:43B8H         LINE#         46
  C:43B8H         LINE#         50
  C:43C2H         LINE#         51
  C:43DCH         LINE#         52
  C:43F2H         LINE#         53
  C:4404H         LINE#         54
  C:4406H         LINE#         55
  C:4407H         LINE#         56
  C:4419H         LINE#         57
  C:441BH         LINE#         58
  C:441CH         LINE#         59
  C:4435H         LINE#         60
  C:4443H         LINE#         61
  C:446BH         LINE#         62
  C:448AH         LINE#         63
  C:4493H         LINE#         64
  C:44A5H         LINE#         65
  C:44A9H         LINE#         66
  C:44C2H         LINE#         67
  C:44C6H         LINE#         68
  C:44C6H         LINE#         69
  C:44C6H         LINE#         70
  C:44C6H         LINE#         72
  -------         ENDPROC       _DEBUG_RECV_
  -------         PROC          DEBUGGER
  C:6333H         LINE#         74
  C:6333H         LINE#         75
  C:6333H         LINE#         76
  C:633BH         LINE#         77
  C:633EH         LINE#         78
  C:6344H         LINE#         79
  -------         ENDPROC       DEBUGGER
  -------         PROC          U_TIMQRYEVENT_0
  C:64B6H         LINE#         83
  -------         ENDPROC       U_TIMQRYEVENT_0
  -------         PROC          DEBUG_HOOK
  C:62EFH         LINE#         83
  C:62EFH         LINE#         84
  C:62EFH         LINE#         85
  C:62F4H         LINE#         86
  C:62F7H         LINE#         87
  C:62FDH         LINE#         88
  C:62FFH         LINE#         89
  C:6304H         LINE#         90
  C:6307H         LINE#         91
  C:630DH         LINE#         92
  C:630DH         LINE#         93
  C:6310H         LINE#         94
  -------         ENDPROC       DEBUG_HOOK
  -------         ENDMOD        OS_DEBUG

BL51 BANKED LINKER/LOCATER V6.22.2.0                                                  07/08/2024  03:11:28  PAGE 10


  -------         MODULE        OS_HANDLER
  C:0000H         SYMBOL        _ICE_DUMMY_
  D:0080H         PUBLIC        P0
  D:0090H         PUBLIC        P1
  D:00A0H         PUBLIC        P2
  D:00B0H         PUBLIC        P3
  D:00C0H         PUBLIC        P4
  D:00C8H         PUBLIC        P5
  D:00E8H         PUBLIC        P6
  D:00F8H         PUBLIC        P7
  D:00A8H         PUBLIC        IE
  D:00B8H         PUBLIC        IP
  D:0028H         PUBLIC        s_task_news
  D:0098H         PUBLIC        SCON
  D:0088H         PUBLIC        TCON
  D:002AH         SYMBOL        task_node
  B:0088H.1       PUBLIC        IE0
  B:00A8H.1       PUBLIC        ET0
  C:009EH         PUBLIC        sPendSV_Handler
  D:008CH         PUBLIC        TH0
  B:00A8H.0       PUBLIC        EX0
  D:008AH         PUBLIC        TL0
  D:0030H         SYMBOL        task_queue_len
  D:0031H         PUBLIC        s_taskstacklen
  X:05C9H         SYMBOL        usedtime
  C:26F0H         PUBLIC        OS_SysTick_Handler
  D:00D0H         PUBLIC        PSW
  -------         PROC          OS_SYSTICK_HANDLER
  -------         DO            
  D:003AH         SYMBOL        i
  D:003BH         SYMBOL        node_curr
  X:05C7H         SYMBOL        tick_temp
  -------         ENDDO         
  C:26F0H         LINE#         25
  C:270DH         LINE#         37
  C:2713H         LINE#         41
  C:2716H         LINE#         42
  C:2725H         LINE#         43
  C:2725H         LINE#         95
  C:2728H         LINE#         96
  C:272AH         LINE#         97
  C:273CH         LINE#         98
  C:273CH         LINE#         99
  C:273FH         LINE#         100
  C:2741H         LINE#         101
  C:2753H         LINE#         102
  C:2753H         LINE#         107
  C:2756H         LINE#         112
  C:2759H         LINE#         113
  C:2763H         LINE#         114
  C:2777H         LINE#         115
  C:278BH         LINE#         116
  C:279FH         LINE#         117
  C:27ADH         LINE#         118
  C:27D1H         LINE#         119
  C:27D1H         LINE#         120
  C:27DFH         LINE#         121
BL51 BANKED LINKER/LOCATER V6.22.2.0                                                  07/08/2024  03:11:28  PAGE 11


  C:2813H         LINE#         122
  C:2816H         LINE#         123
  C:2816H         LINE#         124
  C:2838H         LINE#         125
  C:2838H         LINE#         126
  C:2838H         LINE#         127
  C:2838H         LINE#         128
  C:283BH         LINE#         133
  C:283EH         LINE#         134
  C:2848H         LINE#         135
  C:2866H         LINE#         136
  C:287AH         LINE#         137
  C:287AH         LINE#         138
  C:288EH         LINE#         139
  C:28B3H         LINE#         140
  C:28C1H         LINE#         141
  C:28E5H         LINE#         142
  C:28E7H         LINE#         143
  C:28E7H         LINE#         144
  C:28F9H         LINE#         145
  C:28F9H         LINE#         146
  C:2907H         LINE#         147
  C:293BH         LINE#         148
  C:293EH         LINE#         149
  C:293EH         LINE#         150
  C:2960H         LINE#         151
  C:2960H         LINE#         152
  C:2960H         LINE#         153
  C:2960H         LINE#         154
  C:2963H         LINE#         158
  C:2968H         LINE#         159
  C:296EH         LINE#         160
  C:296EH         LINE#         161
  C:2983H         LINE#         162
  C:299FH         LINE#         163
  C:29B1H         LINE#         164
  C:29B1H         LINE#         165
  C:29B1H         LINE#         166
  C:29B7H         LINE#         167
  C:29CAH         LINE#         168
  C:29CCH         LINE#         171
  C:29CEH         LINE#         190
  C:29D4H         LINE#         191
  C:29F3H         LINE#         193
  C:2A61H         LINE#         195
  C:2A61H         LINE#         199
  C:2A61H         LINE#         200
  C:2A63H         LINE#         201
  C:2A65H         LINE#         202
  C:2A67H         LINE#         203
  C:2A67H         LINE#         204
  -------         ENDPROC       OS_SYSTICK_HANDLER
  -------         PROC          SPENDSV_HANDLER
  -------         DO            
  C:06AAH         SYMBOL        __STARTUP_END
  C:121BH         SYMBOL        __NEWTASK_PREPROCESS
  C:0F26H         SYMBOL        __TASKING_PREPROCESS
BL51 BANKED LINKER/LOCATER V6.22.2.0                                                  07/08/2024  03:11:28  PAGE 12


  C:1063H         SYMBOL        __TASKING_POSTPROCESS
  -------         DO            
  D:0027H         SYMBOL        insert_direction
  D:0032H         SYMBOL        node_buff
  B:0026H.3       SYMBOL        sign_x
  D:0038H         SYMBOL        counter
  -------         ENDDO         
  -------         ENDDO         
  C:009EH         LINE#         290
  C:009EH         LINE#         291
  C:009EH         LINE#         293
  C:00A4H         LINE#         297
  C:00A7H         LINE#         317
  C:00ADH         LINE#         323
  C:00AFH         LINE#         330
  C:00B1H         LINE#         333
  C:00BAH         LINE#         334
  C:00C8H         LINE#         336
  C:00E2H         LINE#         337
  C:00E8H         LINE#         338
  C:00FBH         LINE#         340
  C:0102H         LINE#         341
  C:0105H         LINE#         343
  C:0108H         LINE#         344
  C:010BH         LINE#         345
  C:010BH         LINE#         346
  C:010BH         LINE#         347
  C:0159H         LINE#         348
  C:0159H         LINE#         349
  C:015CH         LINE#         351
  C:015CH         LINE#         352
  C:0161H         LINE#         353
  C:016BH         LINE#         354
  C:0172H         LINE#         355
  C:0186H         LINE#         356
  C:0197H         LINE#         357
  C:01A1H         LINE#         358
  C:01B3H         LINE#         359
  C:01B5H         LINE#         360
  C:01B5H         LINE#         361
  C:01C3H         LINE#         362
  C:01C3H         LINE#         363
  C:01D2H         LINE#         364
  C:01F2H         LINE#         365
  C:0207H         LINE#         366
  C:0255H         LINE#         367
  C:0265H         LINE#         368
  C:0277H         LINE#         369
  C:0297H         LINE#         370
  C:02B1H         LINE#         372
  C:02D1H         LINE#         377
  C:02DFH         LINE#         378
  C:02E1H         LINE#         379
  C:02E1H         LINE#         380
  C:02E8H         LINE#         382
  C:02EFH         LINE#         383
  C:02F2H         LINE#         385
BL51 BANKED LINKER/LOCATER V6.22.2.0                                                  07/08/2024  03:11:28  PAGE 13


  C:02F5H         LINE#         386
  C:02F8H         LINE#         387
  C:02F8H         LINE#         388
  C:02F8H         LINE#         389
  C:02F8H         LINE#         391
  C:02FFH         LINE#         392
  C:0302H         LINE#         394
  C:0305H         LINE#         395
  C:0308H         LINE#         396
  C:0308H         LINE#         397
  C:0308H         LINE#         399
  C:0319H         LINE#         400
  C:0324H         LINE#         401
  C:0326H         LINE#         402
  C:0326H         LINE#         403
  C:0332H         LINE#         405
  C:0339H         LINE#         407
  C:0339H         LINE#         408
  C:0346H         LINE#         409
  C:0355H         LINE#         410
  C:0364H         LINE#         412
  C:0376H         LINE#         413
  C:0388H         LINE#         414
  C:0396H         LINE#         420
  C:039AH         LINE#         421
  C:03C8H         LINE#         422
  C:03CBH         LINE#         423
  C:03CBH         LINE#         424
  C:03D1H         LINE#         425
  C:03FAH         LINE#         426
  C:03FAH         LINE#         427
  C:040DH         LINE#         428
  C:0439H         LINE#         429
  C:043BH         LINE#         430
  C:0464H         LINE#         431
  C:0464H         LINE#         432
  C:0477H         LINE#         433
  C:04A0H         LINE#         434
  C:04A0H         LINE#         435
  C:04C0H         LINE#         436
  C:0547H         LINE#         437
  C:0547H         LINE#         438
  C:0567H         LINE#         439
  C:05F7H         LINE#         440
  C:05F7H         LINE#         441
  C:05F7H         LINE#         442
  C:0692H         LINE#         443
  C:0692H         LINE#         444
  C:0692H         LINE#         445
  C:0694H         LINE#         446
  C:0697H         LINE#         447
  C:0699H         LINE#         448
  C:0699H         LINE#         450
  C:06A0H         LINE#         451
  C:06A7H         LINE#         453
  C:06AAH         LINE#         454
  C:06AAH         LINE#         455
BL51 BANKED LINKER/LOCATER V6.22.2.0                                                  07/08/2024  03:11:28  PAGE 14


  C:06AAH         LINE#         456
  C:06AFH         LINE#         457
  C:06B2H         LINE#         458
  C:06BEH         LINE#         459
  C:06C0H         LINE#         460
  C:06CBH         LINE#         461
  C:06CEH         LINE#         462
  C:06CEH         LINE#         463
  C:06CEH         LINE#         464
  C:06D1H         LINE#         465
  C:06D1H         LINE#         466
  C:06D1H         LINE#         467
  C:06D1H         LINE#         474
  C:06DAH         LINE#         475
  C:06E0H         LINE#         476
  C:06E0H         LINE#         477
  C:06E6H         LINE#         478
  C:06F9H         LINE#         479
  C:06FFH         LINE#         480
  C:0728H         LINE#         481
  C:0728H         LINE#         482
  C:073BH         LINE#         483
  C:0767H         LINE#         484
  C:0769H         LINE#         485
  C:0792H         LINE#         486
  C:0792H         LINE#         487
  C:07A5H         LINE#         488
  C:07CEH         LINE#         489
  C:07CEH         LINE#         490
  C:07EEH         LINE#         491
  C:0875H         LINE#         492
  C:0875H         LINE#         493
  C:0895H         LINE#         494
  C:0925H         LINE#         495
  C:0925H         LINE#         496
  C:0925H         LINE#         497
  C:09C0H         LINE#         498
  C:09C0H         LINE#         499
  C:09C9H         LINE#         500
  C:09CDH         LINE#         501
  C:09CDH         LINE#         505
  C:09D6H         LINE#         506
  C:09D8H         LINE#         507
  C:09DEH         LINE#         508
  C:09E3H         LINE#         509
  C:09E6H         LINE#         510
  C:09E6H         LINE#         512
  C:09E9H         LINE#         513
  C:09EFH         LINE#         514
  C:0A1AH         LINE#         515
  C:0A1EH         LINE#         516
  C:0A20H         LINE#         517
  C:0A20H         LINE#         519
  C:0A20H         LINE#         520
  C:0A22H         LINE#         521
  C:0A27H         LINE#         522
  C:0A2DH         LINE#         523
BL51 BANKED LINKER/LOCATER V6.22.2.0                                                  07/08/2024  03:11:28  PAGE 15


  C:0A2DH         LINE#         526
  C:0A2DH         LINE#         527
  C:0A53H         LINE#         528
  C:0A53H         LINE#         529
  C:0A65H         LINE#         530
  C:0A72H         LINE#         531
  C:0A9FH         LINE#         532
  C:0AA2H         LINE#         533
  C:0AA2H         LINE#         534
  C:0AC9H         LINE#         535
  C:0AC9H         LINE#         536
  C:0AE2H         LINE#         537
  C:0B0FH         LINE#         538
  C:0B12H         LINE#         543
  C:0B12H         LINE#         544
  C:0B2CH         LINE#         545
  C:0B59H         LINE#         546
  C:0B5CH         LINE#         547
  C:0B5CH         LINE#         548
  C:0B5CH         LINE#         549
  C:0B5CH         LINE#         550
  C:0B5FH         LINE#         551
  C:0B5FH         LINE#         552
  C:0B83H         LINE#         553
  C:0BB0H         LINE#         554
  C:0BB3H         LINE#         555
  C:0BB3H         LINE#         556
  C:0BB3H         LINE#         557
  C:0BB3H         LINE#         558
  C:0BB5H         LINE#         559
  C:0BB5H         LINE#         560
  C:0BCBH         LINE#         561
  C:0BF8H         LINE#         562
  C:0BFBH         LINE#         563
  C:0BFBH         LINE#         564
  C:0C09H         LINE#         565
  C:0C09H         LINE#         566
  C:0C0CH         LINE#         567
  C:0C0CH         LINE#         568
  C:0C0CH         LINE#         569
  C:0C0CH         LINE#         570
  C:0C0CH         LINE#         571
  C:0C1EH         LINE#         572
  C:0C2BH         LINE#         573
  C:0C58H         LINE#         574
  C:0C5BH         LINE#         575
  C:0C6CH         LINE#         576
  C:0C87H         LINE#         577
  C:0C87H         LINE#         578
  C:0CA0H         LINE#         579
  C:0CAEH         LINE#         580
  C:0CDBH         LINE#         581
  C:0CDBH         LINE#         582
  C:0CDEH         LINE#         583
  C:0CDEH         LINE#         584
  C:0CFBH         LINE#         585
  C:0D09H         LINE#         586
BL51 BANKED LINKER/LOCATER V6.22.2.0                                                  07/08/2024  03:11:28  PAGE 16


  C:0D36H         LINE#         587
  C:0D36H         LINE#         588
  C:0D39H         LINE#         589
  C:0D39H         LINE#         590
  C:0D60H         LINE#         591
  C:0D6EH         LINE#         592
  C:0D9BH         LINE#         593
  C:0D9BH         LINE#         594
  C:0D9EH         LINE#         595
  C:0D9EH         LINE#         596
  C:0DB7H         LINE#         597
  C:0DC5H         LINE#         598
  C:0DF2H         LINE#         599
  C:0DF2H         LINE#         600
  C:0DF5H         LINE#         601
  C:0DF5H         LINE#         602
  C:0DF5H         LINE#         603
  C:0DF5H         LINE#         604
  C:0DF5H         LINE#         605
  C:0E22H         LINE#         606
  C:0E25H         LINE#         607
  C:0E25H         LINE#         608
  C:0E34H         LINE#         609
  C:0EADH         LINE#         610
  C:0EBBH         LINE#         611
  C:0ECEH         LINE#         612
  C:0EE5H         LINE#         613
  C:0EECH         LINE#         614
  C:0EECH         LINE#         615
  C:0EECH         LINE#         616
  C:0EECH         LINE#         625
  C:0EECH         LINE#         626
  C:0EFFH         LINE#         628
  C:0F24H         LINE#         629
  C:0F26H         LINE#         630
  C:0F26H         LINE#         631
  C:0F26H         LINE#         632
  C:0F26H         LINE#         635
  C:0F26H         LINE#         638
  C:0F37H         LINE#         639
  C:0F45H         LINE#         640
  C:0F54H         LINE#         641
  C:0F5BH         LINE#         642
  C:0F5BH         LINE#         643
  C:0F5BH         LINE#         645
  C:0F5BH         LINE#         648
  C:0F61H         LINE#         650
  C:0F80H         LINE#         651
  C:0F80H         LINE#         652
  C:0F80H         LINE#         655
  C:0FA0H         LINE#         656
  C:0FADH         LINE#         657
  C:0FBBH         LINE#         658
  C:0FBFH         LINE#         659
  C:0FBFH         LINE#         660
  C:0FC2H         LINE#         661
  C:0FC2H         LINE#         663
BL51 BANKED LINKER/LOCATER V6.22.2.0                                                  07/08/2024  03:11:28  PAGE 17


  C:0FC8H         LINE#         664
  C:0FCAH         LINE#         665
  C:0FFFH         LINE#         666
  C:1014H         LINE#         667
  C:1027H         LINE#         668
  C:1029H         LINE#         669
  C:1029H         LINE#         670
  C:102FH         LINE#         671
  C:1031H         LINE#         672
  C:1031H         LINE#         673
  C:1031H         LINE#         675
  C:103DH         LINE#         676
  C:103FH         LINE#         677
  C:104CH         LINE#         678
  C:105AH         LINE#         679
  C:105EH         LINE#         680
  C:105EH         LINE#         681
  C:1061H         LINE#         682
  C:1061H         LINE#         684
  C:1061H         LINE#         685
  C:1063H         LINE#         688
  C:1063H         LINE#         689
  C:107BH         LINE#         692
  C:108DH         LINE#         694
  C:109EH         LINE#         695
  C:10ACH         LINE#         696
  C:10BFH         LINE#         697
  C:10CEH         LINE#         698
  C:10EEH         LINE#         699
  C:1100H         LINE#         700
  C:1102H         LINE#         701
  C:1110H         LINE#         702
  C:1113H         LINE#         703
  C:1115H         LINE#         704
  C:1115H         LINE#         705
  C:1123H         LINE#         706
  C:112AH         LINE#         707
  C:112AH         LINE#         708
  C:112DH         LINE#         709
  C:112DH         LINE#         710
  C:113BH         LINE#         711
  C:1142H         LINE#         712
  C:1142H         LINE#         717
  C:1145H         LINE#         718
  C:1145H         LINE#         719
  C:1147H         LINE#         720
  C:1147H         LINE#         724
  C:114AH         LINE#         725
  C:115DH         LINE#         726
  C:1163H         LINE#         727
  C:11DCH         LINE#         728
  C:11EAH         LINE#         729
  C:11FDH         LINE#         730
  C:1214H         LINE#         731
  C:121BH         LINE#         732
  C:121BH         LINE#         733
  C:121BH         LINE#         734
BL51 BANKED LINKER/LOCATER V6.22.2.0                                                  07/08/2024  03:11:28  PAGE 18


  C:121BH         LINE#         737
  C:121BH         LINE#         738
  C:121EH         LINE#         739
  C:122BH         LINE#         740
  C:1239H         LINE#         741
  C:123DH         LINE#         742
  C:123DH         LINE#         744
  C:124AH         LINE#         746
  C:124AH         LINE#         749
  C:1250H         LINE#         756
  C:142BH         LINE#         759
  C:142BH         LINE#         762
  C:142BH         LINE#         764
  C:1445H         LINE#         767
  C:144BH         LINE#         768
  C:144BH         LINE#         770
  C:1451H         LINE#         771
  C:1454H         LINE#         772
  C:1454H         LINE#         773
  C:1456H         LINE#         774
  -------         ENDPROC       SPENDSV_HANDLER
  -------         ENDMOD        OS_HANDLER

  -------         MODULE        OS_MAIN
  C:0000H         SYMBOL        _ICE_DUMMY_
  D:0080H         PUBLIC        P0
  D:0090H         PUBLIC        P1
  D:00A0H         PUBLIC        P2
  D:00B0H         PUBLIC        P3
  D:00C0H         PUBLIC        P4
  D:00C8H         PUBLIC        P5
  D:00E8H         PUBLIC        P6
  B:00A8H.7       PUBLIC        EA
  D:00F8H         PUBLIC        P7
  D:00A8H         PUBLIC        IE
  D:00B8H         PUBLIC        IP
  C:5664H         PUBLIC        main
  D:0098H         PUBLIC        SCON
  D:0089H         PUBLIC        TMOD
  D:0088H         PUBLIC        TCON
  D:008EH         PUBLIC        AUXR
  B:00A8H.1       PUBLIC        ET0
  D:008CH         PUBLIC        TH0
  B:00A8H.0       PUBLIC        EX0
  D:008AH         PUBLIC        TL0
  B:0088H.4       PUBLIC        TR0
  D:00D0H         PUBLIC        PSW
  -------         PROC          MAIN
  C:5664H         LINE#         12
  C:5664H         LINE#         13
  C:5664H         LINE#         22
  C:5667H         LINE#         24
  C:566AH         LINE#         25
  C:568DH         LINE#         27
  C:56ABH         LINE#         29
  C:56BBH         LINE#         30
  C:56CBH         LINE#         31
BL51 BANKED LINKER/LOCATER V6.22.2.0                                                  07/08/2024  03:11:28  PAGE 19


  -------         ENDPROC       MAIN
  -------         ENDMOD        OS_MAIN

  -------         MODULE        OS_STARTER
  C:0000H         SYMBOL        _ICE_DUMMY_
  D:0080H         PUBLIC        P0
  D:0090H         PUBLIC        P1
  D:00A0H         PUBLIC        P2
  D:00B0H         PUBLIC        P3
  D:00C0H         PUBLIC        P4
  D:00C8H         PUBLIC        P5
  D:00E8H         PUBLIC        P6
  D:00F8H         PUBLIC        P7
  D:00A8H         PUBLIC        IE
  D:00B8H         PUBLIC        IP
  D:0098H         PUBLIC        SCON
  D:0088H         PUBLIC        TCON
  X:05BBH         PUBLIC        u_taskhandle_Starter
  C:4D8CH         PUBLIC        Starter
  X:05BDH         PUBLIC        u_taskhand_Starter
  D:00D0H         PUBLIC        PSW
  -------         PROC          STARTER
  -------         DO            
  X:0647H         SYMBOL        i
  -------         ENDDO         
  C:4D8CH         LINE#         12
  C:4D8CH         LINE#         13
  C:4D8CH         LINE#         17
  C:4D92H         LINE#         18
  C:4D9CH         LINE#         19
  C:4DA9H         LINE#         20
  C:4DD5H         LINE#         21
  C:4DD5H         LINE#         22
  C:4DD5H         LINE#         25
  C:4DDBH         LINE#         26
  C:4DE5H         LINE#         27
  C:4DF2H         LINE#         28
  C:4E1EH         LINE#         29
  C:4E1EH         LINE#         30
  C:4E1EH         LINE#         33
  C:4E21H         LINE#         34
  -------         ENDPROC       STARTER
  -------         ENDMOD        OS_STARTER

  -------         MODULE        OS_SYSIDLE
  C:0000H         SYMBOL        _ICE_DUMMY_
  D:0080H         PUBLIC        P0
  D:0090H         PUBLIC        P1
  D:00A0H         PUBLIC        P2
  D:00B0H         PUBLIC        P3
  D:00C0H         PUBLIC        P4
  D:00C8H         PUBLIC        P5
  D:00E8H         PUBLIC        P6
  D:00F8H         PUBLIC        P7
  D:00A8H         PUBLIC        IE
  D:00B8H         PUBLIC        IP
  D:0098H         PUBLIC        SCON
BL51 BANKED LINKER/LOCATER V6.22.2.0                                                  07/08/2024  03:11:28  PAGE 20


  D:0088H         PUBLIC        TCON
  X:0502H         PUBLIC        u_taskhandle_Sysidle
  C:651DH         PUBLIC        Sysidle
  X:0504H         SYMBOL        u_taskstack_Sysidle
  X:0524H         PUBLIC        u_taskhand_Sysidle
  D:00D0H         PUBLIC        PSW
  -------         PROC          SYSIDLE
  C:651DH         LINE#         12
  C:651DH         LINE#         13
  C:651DH         LINE#         37
  C:651FH         LINE#         38
  -------         ENDPROC       SYSIDLE
  -------         ENDMOD        OS_SYSIDLE

  -------         MODULE        OS_TASKMGR
  C:0000H         SYMBOL        _ICE_DUMMY_
  D:0080H         PUBLIC        P0
  D:0090H         PUBLIC        P1
  D:00A0H         PUBLIC        P2
  D:00B0H         PUBLIC        P3
  D:00C0H         PUBLIC        P4
  D:00C8H         PUBLIC        P5
  D:00E8H         PUBLIC        P6
  D:00F8H         PUBLIC        P7
  D:00A8H         PUBLIC        IE
  D:00B8H         PUBLIC        IP
  C:45C3H         PUBLIC        u_timqryhand_1
  C:558BH         SYMBOL        __u8str16_
  D:0098H         PUBLIC        SCON
  D:0088H         PUBLIC        TCON
  C:64CAH         PUBLIC        u_timqryevent_1
  X:04B8H         PUBLIC        u_taskhandle_Taskmgr
  D:003DH         SYMBOL        mptr
  C:51C0H         SYMBOL        __u8str_
  B:00A8H.1       PUBLIC        ET0
  B:00A8H.0       PUBLIC        EX0
  C:63B7H         SYMBOL        __spccpy_
  X:04BAH         SYMBOL        str
  C:618EH         SYMBOL        __strlen_
  C:5FD9H         SYMBOL        __u16len_
  C:1C65H         PUBLIC        Taskmgr
  X:04C2H         SYMBOL        u_taskstack_Taskmgr
  X:04E1H         PUBLIC        u_taskhand_Taskmgr
  C:5A71H         SYMBOL        __strcpy_
  C:4A1EH         SYMBOL        __used_ratio_
  C:4291H         SYMBOL        __u16str_
  D:00D0H         PUBLIC        PSW
  -------         PROC          __SPCCPY_
  D:0007H         SYMBOL        n
  C:63B7H         LINE#         19
  C:63B7H         LINE#         20
  C:63B7H         LINE#         21
  C:63B7H         LINE#         22
  C:63C9H         LINE#         23
  C:63CBH         LINE#         24
  -------         ENDPROC       __SPCCPY_
  C:5A67H         SYMBOL        L?0156
BL51 BANKED LINKER/LOCATER V6.22.2.0                                                  07/08/2024  03:11:28  PAGE 21


  C:5A6BH         SYMBOL        L?0157
  -------         PROC          L?0155
  -------         ENDPROC       L?0155
  C:5A67H         SYMBOL        L?0156
  C:5A6BH         SYMBOL        L?0157
  -------         PROC          __STRCPY_
  X:0627H         SYMBOL        sub
  C:5A71H         LINE#         26
  C:5A7CH         LINE#         27
  C:5A7CH         LINE#         28
  C:5A8CH         LINE#         29
  C:5AAFH         LINE#         30
  C:5AB1H         LINE#         31
  -------         ENDPROC       __STRCPY_
  C:6188H         SYMBOL        L?0159
  -------         PROC          L?0158
  -------         ENDPROC       L?0158
  C:6188H         SYMBOL        L?0159
  -------         PROC          __STRLEN_
  X:062AH         SYMBOL        src
  -------         DO            
  D:0007H         SYMBOL        i
  -------         ENDDO         
  C:618EH         LINE#         33
  C:6199H         LINE#         34
  C:6199H         LINE#         35
  C:619BH         LINE#         36
  C:61B0H         LINE#         37
  C:61B1H         LINE#         38
  C:61B3H         LINE#         39
  C:61B3H         LINE#         40
  -------         ENDPROC       __STRLEN_
  -------         PROC          __U8STR_
  D:0007H         SYMBOL        var
  -------         DO            
  X:062DH         SYMBOL        ptr
  C:51FFH         SYMBOL        Lable_2
  C:521EH         SYMBOL        Lable_1
  C:5239H         SYMBOL        Lable_0
  -------         ENDDO         
  C:51C0H         LINE#         42
  C:51C0H         LINE#         43
  C:51C0H         LINE#         44
  C:51CAH         LINE#         45
  C:51D4H         LINE#         46
  C:51EDH         LINE#         47
  C:51EFH         LINE#         48
  C:51EFH         LINE#         49
  C:51F9H         LINE#         50
  C:51FAH         LINE#         51
  C:51FCH         LINE#         52
  C:51FCH         LINE#         53
  C:51FCH         LINE#         54
  C:51FDH         LINE#         55
  C:51FFH         LINE#         56
  C:51FFH         LINE#         57
  C:521EH         LINE#         58
BL51 BANKED LINKER/LOCATER V6.22.2.0                                                  07/08/2024  03:11:28  PAGE 22


  C:5239H         LINE#         59
  C:5246H         LINE#         60
  -------         ENDPROC       __U8STR_
  -------         PROC          __U16STR_
  D:0002H         SYMBOL        var
  -------         DO            
  X:062FH         SYMBOL        ptr
  C:4303H         SYMBOL        Lable_4
  C:4330H         SYMBOL        Lable_3
  C:435DH         SYMBOL        Lable_2
  C:438AH         SYMBOL        Lable_1
  C:43AAH         SYMBOL        Lable_0
  -------         ENDDO         
  C:4291H         LINE#         62
  C:4295H         LINE#         63
  C:4295H         LINE#         64
  C:429FH         LINE#         65
  C:42A8H         LINE#         66
  C:42C4H         LINE#         67
  C:42C6H         LINE#         68
  C:42C6H         LINE#         69
  C:42CFH         LINE#         70
  C:42D7H         LINE#         71
  C:42D9H         LINE#         72
  C:42D9H         LINE#         73
  C:42E2H         LINE#         74
  C:42EAH         LINE#         75
  C:42ECH         LINE#         76
  C:42ECH         LINE#         77
  C:42F5H         LINE#         78
  C:42FDH         LINE#         79
  C:42FFH         LINE#         80
  C:42FFH         LINE#         81
  C:42FFH         LINE#         82
  C:4300H         LINE#         83
  C:4303H         LINE#         84
  C:4303H         LINE#         85
  C:4330H         LINE#         86
  C:435DH         LINE#         87
  C:438AH         LINE#         88
  C:43AAH         LINE#         89
  C:43B7H         LINE#         90
  -------         ENDPROC       __U16STR_
  -------         PROC          __U16LEN_
  D:0006H         SYMBOL        var
  C:5FD9H         LINE#         92
  C:5FD9H         LINE#         93
  C:5FD9H         LINE#         94
  C:5FE5H         LINE#         95
  C:5FF1H         LINE#         96
  C:5FFDH         LINE#         97
  C:6009H         LINE#         98
  C:600BH         LINE#         99
  -------         ENDPROC       __U16LEN_
  -------         PROC          __USED_RATIO_
  D:0006H         SYMBOL        permill
  -------         DO            
BL51 BANKED LINKER/LOCATER V6.22.2.0                                                  07/08/2024  03:11:28  PAGE 23


  D:0005H         SYMBOL        i
  -------         ENDDO         
  C:4A1EH         LINE#         101
  C:4A1EH         LINE#         102
  C:4A1EH         LINE#         104
  C:4A22H         LINE#         105
  C:4A28H         LINE#         106
  C:4A2BH         LINE#         107
  C:4A2DH         LINE#         108
  C:4A30H         LINE#         109
  C:4A30H         LINE#         110
  C:4A33H         LINE#         111
  C:4A38H         LINE#         112
  C:4A44H         LINE#         113
  C:4A5CH         LINE#         114
  C:4A74H         LINE#         115
  C:4A81H         LINE#         116
  C:4A8DH         LINE#         117
  C:4A8FH         LINE#         118
  C:4A91H         LINE#         119
  C:4A91H         LINE#         120
  C:4A97H         LINE#         121
  C:4A9DH         LINE#         122
  C:4AA0H         LINE#         123
  C:4AA2H         LINE#         124
  C:4AA2H         LINE#         125
  C:4AAAH         LINE#         126
  C:4AB2H         LINE#         127
  C:4AB2H         LINE#         128
  C:4AB8H         LINE#         129
  C:4ABCH         LINE#         130
  C:4AC1H         LINE#         131
  C:4AC3H         LINE#         132
  C:4AC3H         LINE#         133
  C:4AC3H         LINE#         134
  C:4AC7H         LINE#         135
  C:4ACAH         LINE#         136
  C:4ADCH         LINE#         137
  -------         ENDPROC       __USED_RATIO_
  -------         PROC          __U8STR16_
  D:0005H         SYMBOL        var
  C:558BH         LINE#         140
  C:558BH         LINE#         141
  C:558BH         LINE#         142
  C:5595H         LINE#         143
  C:559CH         LINE#         144
  C:55B4H         LINE#         145
  C:55CCH         LINE#         146
  C:55E2H         LINE#         147
  C:55F8H         LINE#         148
  -------         ENDPROC       __U8STR16_
  -------         PROC          U_TIMQRYEVENT_1
  C:64CAH         LINE#         151
  -------         ENDPROC       U_TIMQRYEVENT_1
  -------         PROC          TASKMGR
  -------         DO            
  X:04B4H         SYMBOL        p
BL51 BANKED LINKER/LOCATER V6.22.2.0                                                  07/08/2024  03:11:28  PAGE 24


  -------         DO            
  X:0491H         SYMBOL        upspeed
  X:0493H         SYMBOL        node_temp
  X:00EDH         SYMBOL        node_curr
  X:00EFH         SYMBOL        permill1
  X:00F1H         SYMBOL        pc
  -------         DO            
  X:00F3H         SYMBOL        permill2
  X:00F3H         SYMBOL        p0
  X:00F3H         SYMBOL        counter1
  X:00F7H         SYMBOL        counter2
  -------         ENDDO         
  -------         DO            
  X:00F3H         SYMBOL        p0
  X:00F3H         SYMBOL        counter1
  X:00F7H         SYMBOL        counter2
  -------         ENDDO         
  -------         DO            
  X:00F3H         SYMBOL        counter1
  X:00F7H         SYMBOL        counter2
  -------         ENDDO         
  -------         ENDDO         
  -------         ENDDO         
  C:1C65H         LINE#         151
  C:1C65H         LINE#         152
  C:1C65H         LINE#         154
  C:1C6BH         LINE#         156
  C:1C74H         LINE#         157
  C:1C79H         LINE#         163
  C:1C83H         LINE#         164
  C:1C88H         LINE#         165
  C:1C91H         LINE#         167
  C:1C9AH         LINE#         168
  C:1C9FH         LINE#         169
  C:1CA4H         LINE#         170
  C:1CADH         LINE#         171
  C:1CB2H         LINE#         172
  C:1CBBH         LINE#         173
  C:1CC0H         LINE#         174
  C:1CC9H         LINE#         175
  C:1CCEH         LINE#         176
  C:1CD7H         LINE#         177
  C:1CDCH         LINE#         178
  C:1CE5H         LINE#         179
  C:1CEEH         LINE#         181
  C:1CF7H         LINE#         183
  C:1D01H         LINE#         184
  C:1D01H         LINE#         187
  C:1D10H         LINE#         188
  C:1D18H         LINE#         190
  C:1D20H         LINE#         192
  C:1D2BH         LINE#         193
  C:1D2BH         LINE#         195
  C:1D2FH         LINE#         196
  C:1D48H         LINE#         197
  C:1D5FH         LINE#         198
  C:1D6FH         LINE#         199
BL51 BANKED LINKER/LOCATER V6.22.2.0                                                  07/08/2024  03:11:28  PAGE 25


  C:1D73H         LINE#         201
  C:1D82H         LINE#         202
  C:1D9BH         LINE#         203
  C:1DB2H         LINE#         204
  C:1DB2H         LINE#         206
  C:1DBAH         LINE#         207
  C:1DBDH         LINE#         208
  C:1DC0H         LINE#         210
  C:1DC8H         LINE#         211
  C:1DCBH         LINE#         212
  C:1DCEH         LINE#         214
  C:1DD3H         LINE#         215
  C:1DE1H         LINE#         216
  C:1DE7H         LINE#         217
  C:1DEAH         LINE#         218
  C:1DEFH         LINE#         219
  C:1DF6H         LINE#         220
  C:1E18H         LINE#         221
  C:1E21H         LINE#         222
  C:1E29H         LINE#         223
  C:1E31H         LINE#         224
  C:1E39H         LINE#         225
  C:1E41H         LINE#         226
  C:1E49H         LINE#         227
  C:1E51H         LINE#         228
  C:1E59H         LINE#         229
  C:1E61H         LINE#         230
  C:1E61H         LINE#         231
  C:1E61H         LINE#         232
  C:1E6AH         LINE#         233
  C:1E70H         LINE#         234
  C:1E72H         LINE#         235
  C:1E76H         LINE#         236
  C:1E7CH         LINE#         237
  C:1E7EH         LINE#         238
  C:1E87H         LINE#         239
  C:1E8DH         LINE#         240
  C:1E8FH         LINE#         241
  C:1E96H         LINE#         242
  C:1E9AH         LINE#         243
  C:1E9CH         LINE#         244
  C:1E9CH         LINE#         245
  C:1EA3H         LINE#         246
  C:1EA3H         LINE#         248
  C:1F19H         LINE#         254
  C:1F1CH         LINE#         255
  C:1F22H         LINE#         256
  C:1F37H         LINE#         257
  C:1F37H         LINE#         263
  C:1F55H         LINE#         266
  C:1F5DH         LINE#         267
  C:1F60H         LINE#         268
  C:1F69H         LINE#         269
  C:1F77H         LINE#         270
  C:1F8BH         LINE#         271
  C:1F9FH         LINE#         272
  C:1FB1H         LINE#         273
BL51 BANKED LINKER/LOCATER V6.22.2.0                                                  07/08/2024  03:11:28  PAGE 26


  C:1FB1H         LINE#         274
  C:1FBBH         LINE#         275
  C:1FBEH         LINE#         276
  C:1FD0H         LINE#         277
  C:1FD9H         LINE#         279
  C:1FF0H         LINE#         280
  C:1FF0H         LINE#         281
  C:1FF0H         LINE#         282
  C:1FF8H         LINE#         283
  C:1FFBH         LINE#         285
  C:1FFBH         LINE#         286
  C:2005H         LINE#         287
  C:2010H         LINE#         288
  C:201BH         LINE#         289
  C:2026H         LINE#         290
  C:2026H         LINE#         292
  C:202FH         LINE#         295
  C:203CH         LINE#         296
  C:2043H         LINE#         297
  C:2043H         LINE#         298
  C:204CH         LINE#         299
  C:2056H         LINE#         300
  C:2059H         LINE#         301
  C:2062H         LINE#         302
  C:2069H         LINE#         303
  C:206CH         LINE#         304
  C:2075H         LINE#         308
  C:207EH         LINE#         313
  C:2086H         LINE#         314
  C:208FH         LINE#         315
  C:2098H         LINE#         319
  C:209CH         LINE#         320
  C:20B3H         LINE#         321
  C:20C7H         LINE#         322
  C:20DBH         LINE#         323
  C:20E5H         LINE#         324
  C:20EFH         LINE#         325
  C:20F3H         LINE#         326
  C:212AH         LINE#         327
  C:2133H         LINE#         328
  C:214DH         LINE#         329
  C:2150H         LINE#         330
  C:2162H         LINE#         331
  C:218DH         LINE#         332
  C:2190H         LINE#         333
  C:21ACH         LINE#         334
  C:21AFH         LINE#         335
  C:21B8H         LINE#         336
  C:21BAH         LINE#         337
  C:21BAH         LINE#         338
  C:21BEH         LINE#         339
  C:21BEH         LINE#         342
  C:21C7H         LINE#         343
  C:21D0H         LINE#         344
  C:21D7H         LINE#         345
  C:21E0H         LINE#         346
  C:21E0H         LINE#         347
BL51 BANKED LINKER/LOCATER V6.22.2.0                                                  07/08/2024  03:11:28  PAGE 27


  C:21E7H         LINE#         348
  C:21F0H         LINE#         349
  C:21F0H         LINE#         350
  C:21F7H         LINE#         351
  C:2200H         LINE#         352
  C:2200H         LINE#         353
  C:2207H         LINE#         354
  C:2210H         LINE#         355
  C:2210H         LINE#         356
  C:2217H         LINE#         357
  C:2220H         LINE#         358
  C:2220H         LINE#         359
  C:2227H         LINE#         360
  C:2230H         LINE#         361
  C:2230H         LINE#         362
  C:223CH         LINE#         363
  C:2245H         LINE#         364
  C:2245H         LINE#         366
  C:224EH         LINE#         367
  C:2257H         LINE#         368
  C:225EH         LINE#         369
  C:2267H         LINE#         370
  C:2267H         LINE#         371
  C:226EH         LINE#         372
  C:2277H         LINE#         373
  C:2277H         LINE#         374
  C:227EH         LINE#         375
  C:2287H         LINE#         376
  C:2287H         LINE#         377
  C:228EH         LINE#         378
  C:2297H         LINE#         379
  C:2297H         LINE#         380
  C:229EH         LINE#         381
  C:22A7H         LINE#         382
  C:22A7H         LINE#         383
  C:22AEH         LINE#         384
  C:22B7H         LINE#         385
  C:22B7H         LINE#         386
  C:22BEH         LINE#         387
  C:22C7H         LINE#         388
  C:22C7H         LINE#         390
  C:22CEH         LINE#         391
  C:22D7H         LINE#         392
  C:22D7H         LINE#         394
  C:22E3H         LINE#         395
  C:22ECH         LINE#         396
  C:22ECH         LINE#         398
  C:22F5H         LINE#         400
  C:2306H         LINE#         402
  C:230AH         LINE#         403
  C:2319H         LINE#         404
  C:231CH         LINE#         405
  C:232BH         LINE#         406
  C:232EH         LINE#         407
  -------         ENDPROC       TASKMGR
  -------         ENDMOD        OS_TASKMGR

BL51 BANKED LINKER/LOCATER V6.22.2.0                                                  07/08/2024  03:11:28  PAGE 28


  -------         MODULE        OS_TIMING
  C:0000H         SYMBOL        _ICE_DUMMY_
  D:0080H         PUBLIC        P0
  D:0090H         PUBLIC        P1
  D:00A0H         PUBLIC        P2
  D:00B0H         PUBLIC        P3
  D:00C0H         PUBLIC        P4
  D:00C8H         PUBLIC        P5
  D:00E8H         PUBLIC        P6
  D:00F8H         PUBLIC        P7
  D:00A8H         PUBLIC        IE
  D:00B8H         PUBLIC        IP
  D:0098H         PUBLIC        SCON
  D:0088H         PUBLIC        TCON
  C:479DH         PUBLIC        s_init_timing
  D:00D0H         PUBLIC        PSW
  -------         PROC          S_INIT_TIMING
  -------         DO            
  D:0003H         SYMBOL        i
  -------         ENDDO         
  C:479DH         LINE#         429
  C:479DH         LINE#         430
  C:479DH         LINE#         433
  C:47A9H         LINE#         434
  C:47B9H         LINE#         435
  C:47C9H         LINE#         436
  C:47CCH         LINE#         438
  C:47F1H         LINE#         635
  C:47FDH         LINE#         636
  C:480DH         LINE#         637
  C:481DH         LINE#         638
  C:4820H         LINE#         640
  C:4845H         LINE#         642
  C:486AH         LINE#         843
  C:487EH         LINE#         848
  -------         ENDPROC       S_INIT_TIMING
  -------         ENDMOD        OS_TIMING

  -------         MODULE        OS_VAR
  C:0000H         SYMBOL        _ICE_DUMMY_
  B:0025H.3       PUBLIC        s_sign_debug_send
  D:0008H         PUBLIC        s_task_switch
  D:0080H         PUBLIC        P0
  D:0090H         PUBLIC        P1
  D:00A0H         PUBLIC        P2
  D:00B0H         PUBLIC        P3
  D:00C0H         PUBLIC        P4
  X:0120H         PUBLIC        s_taskmgr_sendbuff
  B:0025H.4       PUBLIC        s_sign_debug_recv
  X:03DFH         PUBLIC        s_timint_autoreload
  D:00C8H         PUBLIC        P5
  D:00E8H         PUBLIC        P6
  D:00F8H         PUBLIC        P7
  B:0025H.5       PUBLIC        s_sign_return
  D:00A8H         PUBLIC        IE
  X:03E0H         PUBLIC        s_timqry_autoreload
  X:03E2H         PUBLIC        s_debug_recvbuff
BL51 BANKED LINKER/LOCATER V6.22.2.0                                                  07/08/2024  03:11:28  PAGE 29


  X:042AH         PUBLIC        s_tick_counter1
  X:042EH         PUBLIC        s_tick_counter2
  D:00B8H         PUBLIC        IP
  X:0432H         PUBLIC        s_timint_hookortask
  D:000AH         PUBLIC        s_pc
  X:0433H         PUBLIC        s_timqry_hookortask
  B:0025H.6       PUBLIC        s_sign_updatecopy
  D:000CH         PUBLIC        s_taskcri_counter
  D:000DH         PUBLIC        s_debug_sendtype
  D:0098H         PUBLIC        SCON
  D:0088H         PUBLIC        TCON
  B:0025H.7       PUBLIC        s_sign_schedule
  X:0435H         PUBLIC        s_timint_handle
  D:000EH         PUBLIC        s_task_status0
  D:000FH         PUBLIC        s_debug_sendptr
  X:0437H         PUBLIC        s_timint_loader
  X:0439H         PUBLIC        s_timint_reload
  D:0011H         PUBLIC        s_debug_recvptr
  X:043BH         PUBLIC        s_timqry_handle
  B:0026H.0       PUBLIC        s_sign_schedule_all
  X:043FH         PUBLIC        s_timqry_loader
  X:0443H         PUBLIC        s_timqry_reload
  X:0447H         PUBLIC        s_alarm
  D:0013H         PUBLIC        s_taskpri_tail
  B:0026H.1       PUBLIC        s_sign_taskmgr
  D:0015H         PUBLIC        s_tick_counter
  X:0448H         PUBLIC        s_cmdline_sendbuff
  D:0016H         PUBLIC        s_startup_code
  D:0017H         PUBLIC        s_task_current
  X:0490H         PUBLIC        s_fault
  B:0026H.2       PUBLIC        s_sign_send_taskmsg
  D:0019H         PUBLIC        s_task_starter
  D:00D0H         PUBLIC        PSW
  -------         ENDMOD        OS_VAR

  -------         MODULE        SV_INT_LOC
  C:0000H         SYMBOL        _ICE_DUMMY_
  D:0080H         PUBLIC        P0
  D:0090H         PUBLIC        P1
  D:00A0H         PUBLIC        P2
  D:00B0H         PUBLIC        P3
  D:00C0H         PUBLIC        P4
  D:00C8H         PUBLIC        P5
  D:00E8H         PUBLIC        P6
  D:00F8H         PUBLIC        P7
  D:00A8H         PUBLIC        IE
  C:3D5EH         PUBLIC        _si_recv_msg
  D:00B8H         PUBLIC        IP
  C:64F5H         SYMBOL        __recv_msg_
  C:6505H         PUBLIC        si_task_schedule
  D:0098H         PUBLIC        SCON
  D:0088H         PUBLIC        TCON
  B:0088H.1       PUBLIC        IE0
  C:646EH         PUBLIC        _si_take_binary
  C:5A13H         PUBLIC        _si_can_access_queue
  C:64D3H         PUBLIC        _si_recv_fetion
  C:636CH         PUBLIC        _si_recv_mail
BL51 BANKED LINKER/LOCATER V6.22.2.0                                                  07/08/2024  03:11:28  PAGE 30


  D:00D0H         PUBLIC        PSW
  -------         PROC          SI_TASK_SCHEDULE
  C:6505H         LINE#         23
  C:6505H         LINE#         24
  C:6505H         LINE#         25
  C:6507H         LINE#         26
  C:6509H         LINE#         27
  C:650BH         LINE#         28
  -------         ENDPROC       SI_TASK_SCHEDULE
  -------         PROC          _SI_TAKE_BINARY
  D:0082H         SYMBOL        bin
  C:646EH         LINE#         36
  C:6472H         LINE#         37
  C:6472H         LINE#         38
  C:6475H         LINE#         39
  C:6477H         LINE#         40
  C:647AH         LINE#         41
  C:647AH         LINE#         42
  C:647CH         LINE#         43
  -------         ENDPROC       _SI_TAKE_BINARY
  -------         PROC          _SI_RECV_FETION
  D:0082H         SYMBOL        fet
  -------         DO            
  D:0007H         SYMBOL        fetion
  -------         ENDDO         
  C:64D3H         LINE#         52
  C:64D7H         LINE#         53
  C:64D7H         LINE#         54
  C:64D9H         LINE#         55
  C:64DBH         LINE#         56
  C:64DBH         LINE#         57
  -------         ENDPROC       _SI_RECV_FETION
  -------         PROC          _SI_RECV_MAIL
  D:0082H         SYMBOL        mbox
  C:636CH         LINE#         66
  C:6370H         LINE#         67
  C:6370H         LINE#         68
  C:6373H         LINE#         69
  C:6375H         LINE#         70
  C:637FH         LINE#         71
  C:637FH         LINE#         72
  C:6385H         LINE#         73
  -------         ENDPROC       _SI_RECV_MAIL
  -------         PROC          _SI_CAN_ACCESS_QUEUE
  D:0004H         SYMBOL        queue
  C:5A13H         LINE#         85
  C:5A19H         LINE#         86
  C:5A19H         LINE#         87
  C:5A27H         LINE#         88
  C:5A32H         LINE#         90
  C:5A3DH         LINE#         92
  C:5A44H         LINE#         94
  C:5A46H         LINE#         95
  C:5A51H         LINE#         96
  C:5A54H         LINE#         98
  C:5A60H         LINE#         99
  C:5A62H         LINE#         100
BL51 BANKED LINKER/LOCATER V6.22.2.0                                                  07/08/2024  03:11:28  PAGE 31


  -------         ENDPROC       _SI_CAN_ACCESS_QUEUE
  -------         PROC          __RECV_MSG_
  D:0082H         SYMBOL        mut
  D:0001H         SYMBOL        msg
  C:64F5H         LINE#         102
  C:64F9H         LINE#         103
  C:64F9H         LINE#         104
  C:64FCH         LINE#         105
  C:64FCH         LINE#         106
  -------         ENDPROC       __RECV_MSG_
  -------         PROC          _SI_RECV_MSG
  X:00FBH         SYMBOL        queue
  -------         DO            
  X:00FDH         SYMBOL        msg
  -------         ENDDO         
  C:3D5EH         LINE#         108
  C:3D66H         LINE#         109
  C:3D66H         LINE#         111
  C:3EDFH         LINE#         112
  -------         ENDPROC       _SI_RECV_MSG
  -------         ENDMOD        SV_INT_LOC

  -------         MODULE        SV_INT_PEND_FIFO
  C:0000H         SYMBOL        _ICE_DUMMY_
  C:6406H         PUBLIC        __send_sign_
  D:0080H         PUBLIC        P0
  C:5009H         SYMBOL        __gvar_write_
  D:0090H         PUBLIC        P1
  D:00A0H         PUBLIC        P2
  D:00B0H         PUBLIC        P3
  D:00C0H         PUBLIC        P4
  D:00C8H         PUBLIC        P5
  D:00E8H         PUBLIC        P6
  D:00F8H         PUBLIC        P7
  D:00A8H         PUBLIC        IE
  C:5CABH         SYMBOL        __give_sem_
  C:3361H         SYMBOL        __send_msg_
[...]
  C:5458H         LINE#         21
  C:546AH         LINE#         22
  C:546CH         LINE#         23
  C:546CH         LINE#         24
  C:546EH         LINE#         25
  C:546EH         LINE#         26
  C:546EH         LINE#         27
  C:5473H         LINE#         28
  C:5476H         LINE#         29
  C:548CH         LINE#         30
  C:549EH         LINE#         31
  C:549EH         LINE#         32
  C:54A0H         LINE#         33
  C:54A0H         LINE#         34
  -------         ENDPROC       UART2_ISR
  -------         ENDMOD        TASKMGR

  -------         MODULE        LED
  C:0000H         SYMBOL        _ICE_DUMMY_
  D:0080H         PUBLIC        P0
  D:0090H         PUBLIC        P1
  D:00A0H         PUBLIC        P2
BL51 BANKED LINKER/LOCATER V6.22.2.0                                                  07/08/2024  03:11:28  PAGE 72


  D:00B0H         PUBLIC        P3
  D:00C0H         PUBLIC        P4
  D:00C8H         PUBLIC        P5
  D:00E8H         PUBLIC        P6
  D:00F8H         PUBLIC        P7
  D:00A8H         PUBLIC        IE
  D:00B8H         PUBLIC        IP
  B:00A0H.0       PUBLIC        P20
  B:00A0H.1       PUBLIC        P21
  B:00A0H.2       PUBLIC        P22
  D:0098H         PUBLIC        SCON
  B:00B0H.2       PUBLIC        P32
  B:00A0H.3       PUBLIC        P23
  D:0088H         PUBLIC        TCON
  B:00B0H.3       PUBLIC        P33
  B:00A0H.4       PUBLIC        P24
  B:00B0H.4       PUBLIC        P34
  B:00A0H.5       PUBLIC        P25
  B:00B0H.5       PUBLIC        P35
  B:00A0H.6       PUBLIC        P26
  B:00A0H.7       PUBLIC        P27
  C:45C8H         PUBLIC        led_task_1
  C:606EH         PUBLIC        led_task_2
  D:00D0H         PUBLIC        PSW
  -------         PROC          LED_TASK_1
  C:45C8H         LINE#         5
  C:45C8H         LINE#         6
  C:45C8H         LINE#         7
  C:45D2H         LINE#         8
  C:45D4H         LINE#         9
  C:45DEH         LINE#         10
  C:45E0H         LINE#         11
  C:45EAH         LINE#         12
  C:45ECH         LINE#         13
  C:45F6H         LINE#         14
  C:45F8H         LINE#         15
  C:4602H         LINE#         16
  C:4604H         LINE#         17
  C:460EH         LINE#         18
  C:4610H         LINE#         19
  C:461AH         LINE#         20
  C:461CH         LINE#         21
  C:4626H         LINE#         22
  C:4628H         LINE#         24
  C:4632H         LINE#         25
  C:4634H         LINE#         26
  C:463EH         LINE#         27
  C:4640H         LINE#         28
  C:464AH         LINE#         29
  C:464CH         LINE#         30
  C:4656H         LINE#         31
  C:4658H         LINE#         33
  C:4662H         LINE#         34
  C:4664H         LINE#         35
  C:466EH         LINE#         36
  C:4670H         LINE#         37
  C:467AH         LINE#         38
BL51 BANKED LINKER/LOCATER V6.22.2.0                                                  07/08/2024  03:11:28  PAGE 73


  C:467CH         LINE#         39
  C:4686H         LINE#         40
  C:4688H         LINE#         41
  C:4692H         LINE#         42
  C:4694H         LINE#         43
  C:469EH         LINE#         44
  C:46A0H         LINE#         45
  C:46AAH         LINE#         46
  C:46ACH         LINE#         47
  C:46B6H         LINE#         48
  C:46B8H         LINE#         49
  -------         ENDPROC       LED_TASK_1
  -------         PROC          LED_TASK_2
  C:606EH         LINE#         51
  C:606EH         LINE#         52
  C:606EH         LINE#         53
  C:6078H         LINE#         54
  C:607AH         LINE#         55
  C:6084H         LINE#         56
  C:6086H         LINE#         57
  C:6090H         LINE#         58
  C:6092H         LINE#         59
  C:609CH         LINE#         60
  C:609EH         LINE#         61
  -------         ENDPROC       LED_TASK_2
  -------         ENDMOD        LED

  -------         MODULE        TEST_XWTB_RESSUS
  C:0000H         SYMBOL        _ICE_DUMMY_
  D:0080H         PUBLIC        P0
  D:0090H         PUBLIC        P1
  D:00A0H         PUBLIC        P2
  D:00B0H         PUBLIC        P3
  D:00C0H         PUBLIC        P4
  D:00C8H         PUBLIC        P5
  D:00E8H         PUBLIC        P6
  D:00F8H         PUBLIC        P7
  D:00A8H         PUBLIC        IE
  B:0026H.4       PUBLIC        u_resume_task_2
  D:00B8H         PUBLIC        IP
  X:0027H         PUBLIC        u_taskhandle_task_1
  X:0029H         PUBLIC        u_taskhandle_task_2
  B:0080H.1       PUBLIC        P01
  B:0080H.2       PUBLIC        P02
  D:0098H         PUBLIC        SCON
  D:0088H         PUBLIC        TCON
  B:0088H.1       PUBLIC        IE0
  D:00AFH         PUBLIC        IE2
  C:579AH         PUBLIC        TIME_3
  C:5AFFH         PUBLIC        start_hook
  C:615BH         PUBLIC        task_1
  C:5D65H         PUBLIC        task_2
  X:002BH         SYMBOL        u_taskstack_task_1
  X:006BH         SYMBOL        u_taskstack_task_2
  D:00D4H         PUBLIC        T3H
  X:00ABH         PUBLIC        u_taskhand_task_1
  X:00CCH         PUBLIC        u_taskhand_task_2
BL51 BANKED LINKER/LOCATER V6.22.2.0                                                  07/08/2024  03:11:28  PAGE 74


  D:00D5H         PUBLIC        T3L
  D:00D1H         PUBLIC        T4T3M
  D:00EFH         PUBLIC        AUXINTIF
  D:00D0H         PUBLIC        PSW
  -------         PROC          TASK_1
  -------         DO            
  X:0020H         SYMBOL        i
  -------         ENDDO         
  C:615BH         LINE#         33
  C:615BH         LINE#         34
  C:615BH         LINE#         36
  C:615BH         LINE#         37
  C:615DH         LINE#         38
  C:6179H         LINE#         39
  C:617CH         LINE#         40
  C:617CH         LINE#         41
  -------         ENDPROC       TASK_1
  -------         PROC          TASK_2
  -------         DO            
  X:0022H         SYMBOL        i
  -------         ENDDO         
  C:5D65H         LINE#         49
  C:5D65H         LINE#         50
  C:5D65H         LINE#         52
  C:5D65H         LINE#         53
  C:5D67H         LINE#         54
  C:5D83H         LINE#         55
  C:5D86H         LINE#         57
  C:5D88H         LINE#         58
  C:5D96H         LINE#         59
  C:5D96H         LINE#         60
  -------         ENDPROC       TASK_2
  -------         PROC          TIME_3
  -------         DO            
  X:0024H         SYMBOL        u_psv
  -------         ENDDO         
  C:579AH         LINE#         68
  C:57B7H         LINE#         70
  C:57BAH         LINE#         71
  C:57BCH         LINE#         74
  C:57E0H         LINE#         79
  -------         ENDPROC       TIME_3
  -------         PROC          START_HOOK
  C:5AFFH         LINE#         85
  C:5AFFH         LINE#         86
  C:5AFFH         LINE#         87
  C:5B01H         LINE#         88
  C:5B03H         LINE#         89
  C:5B13H         LINE#         90
  C:5B23H         LINE#         92
  C:5B2CH         LINE#         93
  C:5B35H         LINE#         95
  C:5B4AH         LINE#         96
  -------         ENDPROC       START_HOOK
  -------         ENDMOD        TEST_XWTB_RESSUS

  -------         MODULE        TEST_XWTB_CLRBLK
BL51 BANKED LINKER/LOCATER V6.22.2.0                                                  07/08/2024  03:11:28  PAGE 75


  C:0000H         SYMBOL        _ICE_DUMMY_
  D:0080H         PUBLIC        P0
  D:0090H         PUBLIC        P1
  D:00A0H         PUBLIC        P2
  D:00B0H         PUBLIC        P3
  D:00C0H         PUBLIC        P4
  D:00C8H         PUBLIC        P5
  D:00E8H         PUBLIC        P6
  D:00F8H         PUBLIC        P7
  D:00A8H         PUBLIC        IE
  D:00B8H         PUBLIC        IP
  D:0098H         PUBLIC        SCON
  D:0088H         PUBLIC        TCON
  D:00D0H         PUBLIC        PSW
  -------         ENDMOD        TEST_XWTB_CLRBLK

  -------         MODULE        TEST_XWTB_BIN
  C:0000H         SYMBOL        _ICE_DUMMY_
  D:0080H         PUBLIC        P0
  D:0090H         PUBLIC        P1
  D:00A0H         PUBLIC        P2
  D:00B0H         PUBLIC        P3
  D:00C0H         PUBLIC        P4
  D:00C8H         PUBLIC        P5
  D:00E8H         PUBLIC        P6
  D:00F8H         PUBLIC        P7
  D:00A8H         PUBLIC        IE
  D:00B8H         PUBLIC        IP
  D:0098H         PUBLIC        SCON
  D:0088H         PUBLIC        TCON
  D:00D0H         PUBLIC        PSW
  -------         ENDMOD        TEST_XWTB_BIN

  -------         MODULE        TEST_XWTB_SEM
  C:0000H         SYMBOL        _ICE_DUMMY_
  D:0080H         PUBLIC        P0
  D:0090H         PUBLIC        P1
  D:00A0H         PUBLIC        P2
  D:00B0H         PUBLIC        P3
  D:00C0H         PUBLIC        P4
  D:00C8H         PUBLIC        P5
  D:00E8H         PUBLIC        P6
  D:00F8H         PUBLIC        P7
  D:00A8H         PUBLIC        IE
  D:00B8H         PUBLIC        IP
  D:0098H         PUBLIC        SCON
  D:0088H         PUBLIC        TCON
  D:00D0H         PUBLIC        PSW
  -------         ENDMOD        TEST_XWTB_SEM

  -------         MODULE        TEST_XWTB_GROUP
  C:0000H         SYMBOL        _ICE_DUMMY_
  D:0080H         PUBLIC        P0
  D:0090H         PUBLIC        P1
  D:00A0H         PUBLIC        P2
  D:00B0H         PUBLIC        P3
  D:00C0H         PUBLIC        P4
BL51 BANKED LINKER/LOCATER V6.22.2.0                                                  07/08/2024  03:11:28  PAGE 76


  D:00C8H         PUBLIC        P5
  D:00E8H         PUBLIC        P6
  D:00F8H         PUBLIC        P7
  D:00A8H         PUBLIC        IE
  D:00B8H         PUBLIC        IP
  D:0098H         PUBLIC        SCON
  D:0088H         PUBLIC        TCON
  D:00D0H         PUBLIC        PSW
  -------         ENDMOD        TEST_XWTB_GROUP

  -------         MODULE        TEST_XWTB_FETION
  C:0000H         SYMBOL        _ICE_DUMMY_
  D:0080H         PUBLIC        P0
  D:0090H         PUBLIC        P1
  D:00A0H         PUBLIC        P2
  D:00B0H         PUBLIC        P3
  D:00C0H         PUBLIC        P4
  D:00C8H         PUBLIC        P5
  D:00E8H         PUBLIC        P6
  D:00F8H         PUBLIC        P7
  D:00A8H         PUBLIC        IE
  D:00B8H         PUBLIC        IP
  D:0098H         PUBLIC        SCON
  D:0088H         PUBLIC        TCON
  D:00D0H         PUBLIC        PSW
  -------         ENDMOD        TEST_XWTB_FETION

  -------         MODULE        TEST_XWTB_TASKMSG
  C:0000H         SYMBOL        _ICE_DUMMY_
  D:0080H         PUBLIC        P0
  D:0090H         PUBLIC        P1
  D:00A0H         PUBLIC        P2
  D:00B0H         PUBLIC        P3
  D:00C0H         PUBLIC        P4
  D:00C8H         PUBLIC        P5
  D:00E8H         PUBLIC        P6
  D:00F8H         PUBLIC        P7
  D:00A8H         PUBLIC        IE
  D:00B8H         PUBLIC        IP
  D:0098H         PUBLIC        SCON
  D:0088H         PUBLIC        TCON
  D:00D0H         PUBLIC        PSW
  -------         ENDMOD        TEST_XWTB_TASKMSG

  -------         MODULE        TEST_XWTB_MAILBOX
  C:0000H         SYMBOL        _ICE_DUMMY_
  D:0080H         PUBLIC        P0
  D:0090H         PUBLIC        P1
  D:00A0H         PUBLIC        P2
  D:00B0H         PUBLIC        P3
  D:00C0H         PUBLIC        P4
  D:00C8H         PUBLIC        P5
  D:00E8H         PUBLIC        P6
  D:00F8H         PUBLIC        P7
  D:00A8H         PUBLIC        IE
  D:00B8H         PUBLIC        IP
  D:0098H         PUBLIC        SCON
BL51 BANKED LINKER/LOCATER V6.22.2.0                                                  07/08/2024  03:11:28  PAGE 77


  D:0088H         PUBLIC        TCON
  D:00D0H         PUBLIC        PSW
  -------         ENDMOD        TEST_XWTB_MAILBOX

  -------         MODULE        TEST_XWTB_QUEUE
  C:0000H         SYMBOL        _ICE_DUMMY_
  D:0080H         PUBLIC        P0
  D:0090H         PUBLIC        P1
  D:00A0H         PUBLIC        P2
  D:00B0H         PUBLIC        P3
  D:00C0H         PUBLIC        P4
  D:00C8H         PUBLIC        P5
  D:00E8H         PUBLIC        P6
  D:00F8H         PUBLIC        P7
  D:00A8H         PUBLIC        IE
  D:00B8H         PUBLIC        IP
  D:0098H         PUBLIC        SCON
  D:0088H         PUBLIC        TCON
  D:00D0H         PUBLIC        PSW
  -------         ENDMOD        TEST_XWTB_QUEUE

  -------         MODULE        TEST_INT0DELAY
  C:0000H         SYMBOL        _ICE_DUMMY_
  D:0080H         PUBLIC        P0
  D:0090H         PUBLIC        P1
  D:00A0H         PUBLIC        P2
  D:00B0H         PUBLIC        P3
  D:00C0H         PUBLIC        P4
  D:00C8H         PUBLIC        P5
  D:00E8H         PUBLIC        P6
  D:00F8H         PUBLIC        P7
  D:00A8H         PUBLIC        IE
  D:00B8H         PUBLIC        IP
  D:0098H         PUBLIC        SCON
  D:0088H         PUBLIC        TCON
  D:00D0H         PUBLIC        PSW
  -------         ENDMOD        TEST_INT0DELAY

  -------         MODULE        HMACMD5
  C:0000H         SYMBOL        _ICE_DUMMY_
  D:0080H         PUBLIC        P0
  D:0090H         PUBLIC        P1
  D:00A0H         PUBLIC        P2
  D:00B0H         PUBLIC        P3
  D:00C0H         PUBLIC        P4
  D:00C8H         PUBLIC        P5
  D:00E8H         PUBLIC        P6
  D:00F8H         PUBLIC        P7
  D:00A8H         PUBLIC        IE
  D:00B8H         PUBLIC        IP
  D:0098H         PUBLIC        SCON
  D:0088H         PUBLIC        TCON
  D:00D0H         PUBLIC        PSW
  -------         ENDMOD        HMACMD5

  -------         MODULE        TEST_MALLOC
  C:0000H         SYMBOL        _ICE_DUMMY_
BL51 BANKED LINKER/LOCATER V6.22.2.0                                                  07/08/2024  03:11:28  PAGE 78


  D:0080H         PUBLIC        P0
  D:0090H         PUBLIC        P1
  D:00A0H         PUBLIC        P2
  D:00B0H         PUBLIC        P3
  D:00C0H         PUBLIC        P4
  D:00C8H         PUBLIC        P5
  D:00E8H         PUBLIC        P6
  D:00F8H         PUBLIC        P7
  D:00A8H         PUBLIC        IE
  D:00B8H         PUBLIC        IP
  D:0098H         PUBLIC        SCON
  D:0088H         PUBLIC        TCON
  D:00D0H         PUBLIC        PSW
  -------         ENDMOD        TEST_MALLOC

  -------         MODULE        TEST_C51XBP
  C:0000H         SYMBOL        _ICE_DUMMY_
  D:0080H         PUBLIC        P0
  D:0090H         PUBLIC        P1
  D:00A0H         PUBLIC        P2
  D:00B0H         PUBLIC        P3
  D:00C0H         PUBLIC        P4
  D:00C8H         PUBLIC        P5
  D:00E8H         PUBLIC        P6
  D:00F8H         PUBLIC        P7
  D:00A8H         PUBLIC        IE
  D:00B8H         PUBLIC        IP
  D:0098H         PUBLIC        SCON
  D:0088H         PUBLIC        TCON
  D:00D0H         PUBLIC        PSW
  -------         ENDMOD        TEST_C51XBP

  -------         MODULE        ?C?COPY
  C:1527H         PUBLIC        ?C?COPY
  -------         ENDMOD        ?C?COPY

  -------         MODULE        ?C?CLDPTR
  C:154DH         PUBLIC        ?C?CLDPTR
  -------         ENDMOD        ?C?CLDPTR

  -------         MODULE        ?C?CLDOPTR
  C:1566H         PUBLIC        ?C?CLDOPTR
  -------         ENDMOD        ?C?CLDOPTR

  -------         MODULE        ?C?CSTPTR
  C:1593H         PUBLIC        ?C?CSTPTR
  -------         ENDMOD        ?C?CSTPTR

  -------         MODULE        ?C?IMUL
  C:15A5H         PUBLIC        ?C?IMUL
  -------         ENDMOD        ?C?IMUL

  -------         MODULE        ?C?UIDIV
  C:15B7H         PUBLIC        ?C?UIDIV
  -------         ENDMOD        ?C?UIDIV

  -------         MODULE        ?C?IILDX
BL51 BANKED LINKER/LOCATER V6.22.2.0                                                  07/08/2024  03:11:28  PAGE 79


  C:160CH         PUBLIC        ?C?IILDX
  -------         ENDMOD        ?C?IILDX

  -------         MODULE        ?C?ILDIX
  C:1622H         PUBLIC        ?C?ILDIX
  -------         ENDMOD        ?C?ILDIX

  -------         MODULE        ?C?LMUL
  C:1638H         PUBLIC        ?C?LMUL
  -------         ENDMOD        ?C?LMUL

  -------         MODULE        ?C?ULDIV
  C:16C3H         PUBLIC        ?C?ULDIV
  -------         ENDMOD        ?C?ULDIV

  -------         MODULE        ?C?LNOT
  C:1755H         PUBLIC        ?C?LNOT
  -------         ENDMOD        ?C?LNOT

  -------         MODULE        ?C?LNEG
  C:1762H         PUBLIC        ?C?LNEG
  -------         ENDMOD        ?C?LNEG

  -------         MODULE        ?C?ULCMP
  C:1770H         PUBLIC        ?C?ULCMP
  -------         ENDMOD        ?C?ULCMP

  -------         MODULE        ?C?LSTXDATA
  C:1781H         PUBLIC        ?C?LSTXDATA
  -------         ENDMOD        ?C?LSTXDATA

  -------         MODULE        ?C?LSTKXDATA
  C:178DH         PUBLIC        ?C?LSTKXDATA
  -------         ENDMOD        ?C?LSTKXDATA

  -------         MODULE        ?C?CCASE
  C:17BEH         PUBLIC        ?C?CCASE
  -------         ENDMOD        ?C?CCASE

  -------         MODULE        ?C?ICALL
  C:17E4H         PUBLIC        ?C?ICALL
  C:17E8H         PUBLIC        ?C?ICALL2
  -------         ENDMOD        ?C?ICALL

  -------         MODULE        ?C_XBP
  D:0041H         PUBLIC        ?C_XBP
  -------         ENDMOD        ?C_XBP

  -------         MODULE        ?C?LIMUL
  C:17EAH         PUBLIC        ?C?LIMUL
  -------         ENDMOD        ?C?LIMUL

  -------         MODULE        PRINTF
  X:0587H         PUBLIC        ?_PRINTF517?BYTE
  X:0587H         PUBLIC        ?_PRINTF?BYTE
  X:0587H         PUBLIC        ?_SPRINTF517?BYTE
  X:0587H         PUBLIC        ?_SPRINTF?BYTE
BL51 BANKED LINKER/LOCATER V6.22.2.0                                                  07/08/2024  03:11:28  PAGE 80


  C:2AEDH         PUBLIC        _PRINTF
  C:2AEDH         PUBLIC        _PRINTF517
  C:2AE7H         PUBLIC        _SPRINTF
  C:2AE7H         PUBLIC        _SPRINTF517
  -------         ENDMOD        PRINTF

  -------         MODULE        ?C?STRCMP
  C:1995H         PUBLIC        ?C?STRCMP
  -------         ENDMOD        ?C?STRCMP

  -------         MODULE        ?C?STRCPY
  C:1A7EH         PUBLIC        ?C?STRCPY
  -------         ENDMOD        ?C?STRCPY

  -------         MODULE        STRLEN
  C:63CCH         PUBLIC        _STRLEN
  -------         ENDMOD        STRLEN

  -------         MODULE        ?C?MEMCMP
  C:1C21H         PUBLIC        ?C?MEMCMP
  -------         ENDMOD        ?C?MEMCMP

  -------         MODULE        MALLOC
  C:487FH         PUBLIC        _malloc
  -------         ENDMOD        MALLOC

  -------         MODULE        INIT_MEM
  X:05D9H         PUBLIC        __mem_avail__
  C:5DA2H         PUBLIC        _init_mempool
  -------         ENDMOD        INIT_MEM

  -------         MODULE        FREE
  C:3EF4H         PUBLIC        _free
  -------         ENDMOD        FREE

  -------         MODULE        ?C?PLDIXDATA
  C:1C45H         PUBLIC        ?C?PLDIXDATA
  -------         ENDMOD        ?C?PLDIXDATA

  -------         MODULE        ?C?PSTXDATA
  C:1C5CH         PUBLIC        ?C?PSTXDATA
  -------         ENDMOD        ?C?PSTXDATA

  -------         MODULE        PUTCHAR
  C:625CH         PUBLIC        _PUTCHAR
  -------         ENDMOD        PUTCHAR

Program Size: data=68.5 xdata=1611 code=25895
LINK/LOCATE RUN COMPLETE.  0 WARNING(S),  0 ERROR(S)
